// Jest Snapshot v1, https://goo.gl/fbAQLP

exports[`Faq.vue renders the FAQ page 1`] = `
<div>
  <div>
    <!---->
    <!---->
    <nav class="navbar navbar-dark bg-primary navbar-expand-lg" id="mainMenu"><a href="/" target="_self" class="navbar-brand"><img src="/images/header-logo.png" height="40" title="music4dance"></a> <button type="button" aria-label="Toggle navigation" class="navbar-toggler collapsed" aria-expanded="false" aria-controls="nav-collapse"><span class="navbar-toggler-icon"></span></button>
      <transition-stub css="true" enterclass="" leaveclass="collapse show" entertoclass="collapse show" leavetoclass="collapse" enteractiveclass="collapsing" leaveactiveclass="collapsing">
        <div id="nav-collapse" class="navbar-collapse collapse" style="display: none;">
          <ul class="navbar-nav">
            <li id="music-menu" class="nav-item b-nav-dropdown dropdown"><a id="music-menu__BV_toggle_" role="button" aria-haspopup="true" aria-expanded="false" aria-controls="music-menu__BV_toggle_menu_" href="#music-menu" target="_self" class="nav-link dropdown-toggle"><span>Music</span></a>
              <ul tabindex="-1" aria-labelledby="music-menu__BV_toggle_" id="music-menu__BV_toggle_menu_" class="dropdown-menu">
                <li role="presentation"><a role="menuitem" href="/dances" target="_self" class="dropdown-item">Dances</a></li>
                <li role="presentation" class="nav-subitem"><a role="menuitem" href="/dances/ballroom-competition-categories" target="_self" class="dropdown-item">Ballroom</a></li>
                <li role="presentation" class="nav-subitem"><a role="menuitem" href="/dances/latin" target="_self" class="dropdown-item">Latin</a></li>
                <li role="presentation" class="nav-subitem"><a role="menuitem" href="/dances/swing" target="_self" class="dropdown-item">Swing</a></li>
                <li role="presentation" class="nav-subitem"><a role="menuitem" href="/dances/tango" target="_self" class="dropdown-item">Tango</a></li>
                <li role="presentation" class="nav-subitem"><a role="menuitem" href="/dances/country" target="_self" class="dropdown-item">Country</a></li>
                <li role="presentation"><a role="menuitem" href="/song" target="_self" class="dropdown-item">Song Library</a></li>
                <li role="presentation" class="nav-subitem"><a role="menuitem" href="/song/advancedsearchform" target="_self" class="dropdown-item">Advanced Search</a></li>
                <li role="presentation" class="nav-subitem"><a role="menuitem" href="/song/augment" target="_self" class="dropdown-item">Add Song</a></li>
                <li role="presentation" class="nav-subitem"><a role="menuitem" href="/song/newmusic" target="_self" class="dropdown-item">New Music</a></li>
                <li role="presentation"><a role="menuitem" href="/dances/wedding-music" target="_self" class="dropdown-item">Wedding</a></li>
                <li role="presentation"><a role="menuitem" href="/song/holidaymusic" target="_self" class="dropdown-item">Holiday</a></li>
                <li role="presentation"><a role="menuitem" href="/song/holidaymusic?occassion=halloween" target="_self" class="dropdown-item">Halloween</a></li>
                <li role="presentation"><a role="menuitem" href="/tag" target="_self" class="dropdown-item">Tags</a></li>
              </ul>
            </li>
            <li id="tools-menu" class="nav-item b-nav-dropdown dropdown"><a id="tools-menu__BV_toggle_" role="button" aria-haspopup="true" aria-expanded="false" aria-controls="tools-menu__BV_toggle_menu_" href="#tools-menu" target="_self" class="nav-link dropdown-toggle"><span>Tools</span></a>
              <ul tabindex="-1" aria-labelledby="tools-menu__BV_toggle_" id="tools-menu__BV_toggle_menu_" class="dropdown-menu">
                <li role="presentation"><a role="menuitem" href="/home/counter" target="_self" class="dropdown-item">Tempo Counter</a></li>
                <li role="presentation"><a role="menuitem" href="/home/tempi" target="_self" class="dropdown-item">Tempi (Tempos)</a></li>
                <li role="presentation"><a role="menuitem" href="/song/advancedsearchform" target="_self" class="dropdown-item">Advanced Search</a></li>
                <!---->
              </ul>
            </li>
            <li class="nav-item b-nav-dropdown dropdown"><a role="button" aria-haspopup="true" aria-expanded="false" href="#" target="_self" class="nav-link dropdown-toggle"><span>Info</span></a>
              <ul tabindex="-1" class="dropdown-menu">
                <li role="presentation"><a role="menuitem" href="https://music4dance.blog/music4dance-help/song-list/" target="_self" class="dropdown-item">Help</a></li>
                <li role="presentation"><a role="menuitem" href="https://music4dance.blog/" target="_self" class="dropdown-item">Blog</a></li>
                <li role="presentation"><a role="menuitem" href="/home/faq" target="_self" class="dropdown-item">FAQ</a></li>
                <li role="presentation"><a role="menuitem" href="/home/about" target="_self" class="dropdown-item">About music4dance</a></li>
                <li role="presentation"><a role="menuitem" href="/home/readinglist" target="_self" class="dropdown-item">Reading List</a></li>
                <li role="presentation"><a role="menuitem" href="/home/sitemap" target="_self" class="dropdown-item">Site Map</a></li>
                <li role="presentation"><a role="menuitem" href="/home/privacypolicy" target="_self" class="dropdown-item">Privacy Policy</a></li>
                <li role="presentation"><a role="menuitem" href="/home/credits" target="_self" class="dropdown-item">Credits</a></li>
              </ul>
            </li>
            <li id="contribute-menu" right="" class="nav-item"><a href="/home/contribute" target="_self" class="nav-link">Contribute</a></li>
            <!---->
          </ul>
          <ul class="navbar-nav ml-auto">
            <li class="form-inline">
              <form class="form-inline"><input type="text" placeholder="Search" class="mr-sm-2 form-control form-control-sm"> <button type="submit" disabled="disabled" class="btn my-2 my-sm-0 btn-secondary btn-sm disabled">Search</button></form>
            </li>
            <li right="" class="nav-item"><a href="/identity/account/register?returnUrl=/" target="_self" class="nav-link">Register</a></li>
            <li right="" class="nav-item"><a href="/identity/account/login?returnUrl=/" target="_self" class="nav-link">Login</a></li>
          </ul>
        </div>
      </transition-stub>
    </nav>
    <!---->
    <!---->
    <form id="logoutForm" action="/identity/account/logout" method="post" style="height: 0px;"><input name="__RequestVerificationToken" type="hidden" value="FOO"> <input type="hidden" name="returnUrl" value="/"> <button id="logout" type="submit" class="btn btn-link"></button></form>
  </div>
  <nav aria-label="breadcrumb">
    <ol class="breadcrumb" style="padding: 0.25rem 0.5rem;">
      <li class="breadcrumb-item"><a href="/" target="_self" class="">music4dance</a></li>
      <li class="breadcrumb-item"><a href="/home/info" target="_self" class="">Info</a></li>
      <li class="breadcrumb-item active"><span aria-current="location">FAQ</span></li>
    </ol>
  </nav>
  <div id="body-content" class="container-fluid body-content">
    <h1>Frequently Asked Questions</h1>
    <div>
      <div role="tablist">
        <div class="card mb-1">
          <!---->
          <!---->
          <header role="tab" class="card-header p-1"><button type="button" class="btn btn-primary btn-block collapsed" aria-expanded="false" aria-controls="accordion-1">
              Where can I find songs that work with the dance style I'm currently
              practicing?
            </button></header>
          <transition-stub css="true" enterclass="" leaveclass="collapse show" entertoclass="collapse show" leavetoclass="collapse" enteractiveclass="collapsing" leaveactiveclass="collapsing" role="tabpanel">
            <div id="accordion-1" class="collapse show">
              <div class="card-body">
                <!---->
                <!---->
                <p class="card-text">
                <p>
                  From the "Music Menu" at the top of the page, choose
                  <a href="/song">Song Library</a>, then click on the "All Dances"
                  button in the upper left to choose the style of dance you are
                  interestaed in. Or from the same menu choose
                  <a href="/song/advancedsearchform">Advanced Search</a>
                  and include the style of dance you are interested then click
                  search. In either case, the result should be a list of songs
                  that can be danced to that style.
                </p>
                <p>
                  If you would like more information check out our related blog
                  posts.
                  <a href="https://music4dance.blog/question-1-im-learning-to-cha-cha-where-is-some-great-music-for-practicing/">
                    Iâ€™m learning to Cha Cha, where is some great music for
                    practicing?</a>
                  and
                  <a href="https://music4dance.blog/i-am-learning-the-foxtrot-where-can-i-find-some-music/">
                    I am learning the Foxtrot, where can I find some music?</a>
                </p>
                <p>
                  The
                  <a href="https://music4dance.blog/music4dance-help/advanced-search/">Advanced Search Documentation</a>
                  describes the different search attributes in more detail.
                </p>
                </p>
              </div>
            </div>
          </transition-stub>
          <!---->
          <!---->
        </div>
        <div class="card mb-1">
          <!---->
          <!---->
          <header role="tab" class="card-header p-1"><button type="button" class="btn btn-primary btn-block collapsed" aria-expanded="false" aria-controls="accordion-2">
              What dance styles work with the song I'm listening to or a specific
              song that I know of?
            </button></header>
          <transition-stub css="true" enterclass="" leaveclass="collapse show" entertoclass="collapse show" leavetoclass="collapse" enteractiveclass="collapsing" leaveactiveclass="collapsing" role="tabpanel">
            <div id="accordion-2" class="collapse" style="display: none;">
              <div class="card-body">
                <!---->
                <!---->
                <p class="card-text">
                <p>
                  With the <a href="/home/counter">tempo counter tool</a> you can
                  tap out the beat while listening to a song, and we'll show you a
                  list of styles that can be danced to the beat you just tapped
                  out as well as links to the dance styles' information pages.
                </p>
                <p>
                  Or if you have a particular song in mind,
                  <a href="/song/advancedsearchform">search</a> for it and if it
                  is in the database look at what styles and tags are associated
                  with it. Better yet, if you're listening to it in Spotify or
                  Apple Music, you can drag the song to the text control on the
                  <a href="/song">song library page</a> or
                  <a href="/song/advancedsearchform">advanced search page</a> and
                  if it's in the music4dance catalog, we'll take you right to it.
                  See
                  <a href="https://music4dance.blog/new-feature-searching-for-a-song-from-spotify-or-itunes/">Searching for a song from Spotify or iTunes</a>
                  for more details
                </p>
                <p>
                  If you would like more information please read this blog blost
                  <a href="https://music4dance.blog/question-2-what-dance-styles-can-i-dance-to-my-favorite-songs/">What dance styles can I dance to my favorite song(s)?</a>
                  and the
                  <a href="https://music4dance.blog/music4dance-help/tempo-counter/">documentation</a>
                  for the Tempo Counter.
                </p>
                </p>
              </div>
            </div>
          </transition-stub>
          <!---->
          <!---->
        </div>
        <div class="card mb-1">
          <!---->
          <!---->
          <header role="tab" class="card-header p-1"><button type="button" class="btn btn-primary btn-block collapsed" aria-expanded="false" aria-controls="accordion-3">Why should I sign up with Music4Dance?</button></header>
          <transition-stub css="true" enterclass="" leaveclass="collapse show" entertoclass="collapse show" leavetoclass="collapse" enteractiveclass="collapsing" leaveactiveclass="collapsing" role="tabpanel">
            <div id="accordion-3" class="collapse" style="display: none;">
              <div class="card-body">
                <!---->
                <!---->
                <p class="card-text">
                <p>
                  It's Free! You'll be able to edit tags on songs and Music4Dance
                  will remember the songs you like, edited, or even disliked.
                  You'll alo be able to
                  <a href="https://music4dance.blog/music4dance-help/tag-editing/">tag songs</a>,
                  <a href="https://music4dance.blog/music4dance-help/dance-tags/">vote on the dancability of songs</a>
                  and
                  <a href="https://music4dance.blog/music4dance-help/add-songs/">add your own songs</a>. <a href="/identity/account/register">Register today!</a> We
                  are always working on new features for our site and special
                  features for our registered users.
                </p>
                <p>
                  Once you've signed up, please consider
                  <a href="https://music4dance.blog/music4dance-help/subscriptions/">purchasing a premium</a>
                  subscriptions. This is one of the ways that you can help
                  <a href="/home/contribute">support the music4dance project</a>
                  (and you never have to look at ads on the site again - well, at
                  least as long as your subscription lasts).
                </p>
                </p>
              </div>
            </div>
          </transition-stub>
          <!---->
          <!---->
        </div>
        <div class="card mb-1">
          <!---->
          <!---->
          <header role="tab" class="card-header p-1"><button type="button" class="btn btn-primary btn-block collapsed" aria-expanded="false" aria-controls="accordion-4">
              I can't find the song I'm looking for, what should I do?
            </button></header>
          <transition-stub css="true" enterclass="" leaveclass="collapse show" entertoclass="collapse show" leavetoclass="collapse" enteractiveclass="collapsing" leaveactiveclass="collapsing" role="tabpanel">
            <div id="accordion-4" class="collapse" style="display: none;">
              <div class="card-body">
                <!---->
                <!---->
                <p class="card-text">
                <p>
                  You can go ahead and
                  <a href="https://music4dance.blog/music4dance-help/add-songs/">add it</a>
                  yourself.
                </p>
                <p>
                  If you you're looking for the song because you don't know what
                  to dance to it, please ontact us at
                  <a href="mailto:info@music4dance.net">info@music4dance.net</a>
                  or through our
                  <a href="https://music4dance.blog/feedback/">feedback form</a>
                  and we will add it if we can.
                </p>
                </p>
              </div>
            </div>
          </transition-stub>
          <!---->
          <!---->
        </div>
        <div class="card mb-1">
          <!---->
          <!---->
          <header role="tab" class="card-header p-1"><button type="button" class="btn btn-primary btn-block collapsed" aria-expanded="false" aria-controls="accordion-5">
              I'm a competition Ballroom dancer, how can music4dance help me find
              music?
            </button></header>
          <transition-stub css="true" enterclass="" leaveclass="collapse show" entertoclass="collapse show" leavetoclass="collapse" enteractiveclass="collapsing" leaveactiveclass="collapsing" role="tabpanel">
            <div id="accordion-5" class="collapse" style="display: none;">
              <div class="card-body">
                <!---->
                <!---->
                <p class="card-text">
                <p>
                  Go to our
                  <a href="/dances/ballroom-competition-categories">Ballroom competition categories</a>
                  page and see the list of the different competition categories
                  and the dance/song requirements for several organizations that
                  publish competition rules.
                </p>
                <p>
                  If you would like more information check out our related blog
                  post.
                  <a href="https://music4dance.blog/im-a-competition-ballroom-dancer-can-i-find-practice-songs-that-are-a-specific-tempo/">
                    I'm a competition ballroom dancer, can I find practice songs
                    that are a specific tempo?</a>
                </p>
                </p>
              </div>
            </div>
          </transition-stub>
          <!---->
          <!---->
        </div>
        <div class="card mb-1">
          <!---->
          <!---->
          <header role="tab" class="card-header p-1"><button type="button" class="btn btn-primary btn-block collapsed" aria-expanded="false" aria-controls="accordion-6">
              I want to find a great song for my first dance at my wedding, where
              should I look?
            </button></header>
          <transition-stub css="true" enterclass="" leaveclass="collapse show" entertoclass="collapse show" leavetoclass="collapse" enteractiveclass="collapsing" leaveactiveclass="collapsing" role="tabpanel">
            <div id="accordion-6" class="collapse" style="display: none;">
              <div class="card-body">
                <!---->
                <!---->
                <p class="card-text">
                <p>
                  Check out the
                  <a href="/dances/wedding-music">wedding page</a> for information
                  to help you get started, or you can go to the
                  <a href="/song/advancedsearchform">advanced search</a> page and
                  look for songs that are tagged as First Dance and/or Wedding.
                </p>
                <p>
                  If you would like more information check out our related blog
                  posts.
                  <a href="https://music4dance.blog/wedding-music-part-i-can-we-dance-the-foxtrot-to-our-song/">
                    Wedding Music Part I: Can we dance the Foxtrot to our song?</a>
                  and
                  <a href="https://music4dance.blog/wedding-music-part-ii-were-learning-to-rumba-help-us-find-a-good-song-for-our-first-dance/">
                    Wedding Music Part II: Weâ€™re learning to Rumba, help us find a
                    good song for our first dance</a>
                </p>
                </p>
              </div>
            </div>
          </transition-stub>
          <!---->
          <!---->
        </div>
        <div class="card mb-1">
          <!---->
          <!---->
          <header role="tab" class="card-header p-1"><button type="button" class="btn btn-primary btn-block collapsed" aria-expanded="false" aria-controls="accordion-7">
              Not finding the answer to your question or want to give us feedback?
            </button></header>
          <transition-stub css="true" enterclass="" leaveclass="collapse show" entertoclass="collapse show" leavetoclass="collapse" enteractiveclass="collapsing" leaveactiveclass="collapsing" role="tabpanel">
            <div id="accordion-7" class="collapse" style="display: none;">
              <div class="card-body">
                <!---->
                <!---->
                <p class="card-text">
                <p>
                  If you are not finding the answer to your question here or wish
                  to give us feedback on any part of the site please contact us at
                  <a href="mailto:info@music4dance.net">info@music4dance.net</a>
                  or through our
                  <a href="https://music4dance.blog/feedback/">feedback form</a>.
                </p>
                </p>
              </div>
            </div>
          </transition-stub>
          <!---->
          <!---->
        </div>
      </div>
    </div>
  </div>
  <div id="footer-content">
    <hr>
    <footer>
      <p>
        Â© 2022 -
        <a href="https://www.music4dance.net">Music4Dance.net</a> -
        <a href="https://www.music4dance.net/home/sitemap">Site Map</a> -
        <a href="https://www.music4dance.net/home/termsofservice">Terms of Service</a>
        -
        <a href="https://www.music4dance.net/home/privacypolicy">Privacy Policy</a>
        - <a href="https://www.music4dance.net/home/credits">Credits</a> -
        <a href="https://music4dance.blog/music4dance-help/song-list/">Help</a>
      </p>
    </footer>
  </div>
  <!---->
</div>
`;
