// Vitest Snapshot v1, https://vitest.dev/guide/snapshot.html

exports[`Header > Renders Header Page 1`] = `
"<header><span context=\\"[object Object]\\">MainMenu</span></header>
<body></body>"
`;
