// Jest Snapshot v1, https://goo.gl/fbAQLP

exports[`CompetitionCategory.vue renders a competition category page 1`] = `
<div>
  <div>
    <!---->
    <!---->
    <nav class="navbar navbar-dark bg-primary navbar-expand-lg" id="mainMenu"><a href="/" target="_self" class="navbar-brand"><img src="/images/header-logo.png" height="40" title="music4dance"></a> <button type="button" aria-label="Toggle navigation" class="navbar-toggler collapsed" aria-expanded="false" aria-controls="nav-collapse"><span class="navbar-toggler-icon"></span></button>
      <transition-stub css="true" enterclass="" leaveclass="collapse show" entertoclass="collapse show" leavetoclass="collapse" enteractiveclass="collapsing" leaveactiveclass="collapsing">
        <div id="nav-collapse" class="navbar-collapse collapse" style="display: none;">
          <ul class="navbar-nav">
            <li id="music-menu" class="nav-item b-nav-dropdown dropdown"><a id="music-menu__BV_toggle_" role="button" aria-haspopup="true" aria-expanded="false" aria-controls="music-menu__BV_toggle_menu_" href="#music-menu" target="_self" class="nav-link dropdown-toggle"><span>Music</span></a>
              <ul tabindex="-1" aria-labelledby="music-menu__BV_toggle_" id="music-menu__BV_toggle_menu_" class="dropdown-menu">
                <li role="presentation"><a role="menuitem" href="/dances" target="_self" class="dropdown-item">Dances</a></li>
                <li role="presentation" class="nav-subitem"><a role="menuitem" href="/dances/ballroom-competition-categories" target="_self" class="dropdown-item">Ballroom</a></li>
                <li role="presentation" class="nav-subitem"><a role="menuitem" href="/dances/latin" target="_self" class="dropdown-item">Latin</a></li>
                <li role="presentation" class="nav-subitem"><a role="menuitem" href="/dances/swing" target="_self" class="dropdown-item">Swing</a></li>
                <li role="presentation" class="nav-subitem"><a role="menuitem" href="/dances/tango" target="_self" class="dropdown-item">Tango</a></li>
                <li role="presentation"><a role="menuitem" href="/song" target="_self" class="dropdown-item">Song Library</a></li>
                <li role="presentation" class="nav-subitem"><a role="menuitem" href="/song/advancedsearchform" target="_self" class="dropdown-item">Advanced Search</a></li>
                <li role="presentation" class="nav-subitem"><a role="menuitem" href="/song/augment" target="_self" class="dropdown-item">Add Song</a></li>
                <li role="presentation" class="nav-subitem"><a role="menuitem" href="/song/newmusic" target="_self" class="dropdown-item">New Music</a></li>
                <li role="presentation"><a role="menuitem" href="/dances/wedding-music" target="_self" class="dropdown-item">Wedding</a></li>
                <li role="presentation"><a role="menuitem" href="/song/holidaymusic" target="_self" class="dropdown-item">Holiday</a></li>
                <li role="presentation"><a role="menuitem" href="/song/holidaymusic?occassion=halloween" target="_self" class="dropdown-item">Halloween</a></li>
                <li role="presentation"><a role="menuitem" href="/tag" target="_self" class="dropdown-item">Tags</a></li>
              </ul>
            </li>
            <li id="tools-menu" class="nav-item b-nav-dropdown dropdown"><a id="tools-menu__BV_toggle_" role="button" aria-haspopup="true" aria-expanded="false" aria-controls="tools-menu__BV_toggle_menu_" href="#tools-menu" target="_self" class="nav-link dropdown-toggle"><span>Tools</span></a>
              <ul tabindex="-1" aria-labelledby="tools-menu__BV_toggle_" id="tools-menu__BV_toggle_menu_" class="dropdown-menu">
                <li role="presentation"><a role="menuitem" href="/home/counter" target="_self" class="dropdown-item">Tempo Counter</a></li>
                <li role="presentation"><a role="menuitem" href="/home/tempi" target="_self" class="dropdown-item">Tempi (Tempos)</a></li>
                <li role="presentation"><a role="menuitem" href="/song/advancedsearchform" target="_self" class="dropdown-item">Advanced Search</a></li>
                <!---->
              </ul>
            </li>
            <li class="nav-item b-nav-dropdown dropdown"><a role="button" aria-haspopup="true" aria-expanded="false" href="#" target="_self" class="nav-link dropdown-toggle"><span>Info</span></a>
              <ul tabindex="-1" class="dropdown-menu">
                <li role="presentation"><a role="menuitem" href="https://music4dance.blog/music4dance-help/song-list/" target="_self" class="dropdown-item">Help</a></li>
                <li role="presentation"><a role="menuitem" href="https://music4dance.blog/" target="_self" class="dropdown-item">Blog</a></li>
                <li role="presentation"><a role="menuitem" href="/home/faq" target="_self" class="dropdown-item">FAQ</a></li>
                <li role="presentation"><a role="menuitem" href="/home/about" target="_self" class="dropdown-item">About music4dance</a></li>
                <li role="presentation"><a role="menuitem" href="/home/readinglist" target="_self" class="dropdown-item">Reading List</a></li>
                <li role="presentation"><a role="menuitem" href="/home/sitemap" target="_self" class="dropdown-item">Site Map</a></li>
                <li role="presentation"><a role="menuitem" href="/home/privacypolicy" target="_self" class="dropdown-item">Privacy Policy</a></li>
                <li role="presentation"><a role="menuitem" href="/home/credits" target="_self" class="dropdown-item">Credits</a></li>
              </ul>
            </li>
            <li id="contribute-menu" right="" class="nav-item"><a href="/home/contribute" target="_self" class="nav-link">Contribute</a></li>
            <!---->
          </ul>
          <ul class="navbar-nav ml-auto">
            <li class="form-inline">
              <form class="form-inline"><input type="text" placeholder="Search" class="mr-sm-2 form-control form-control-sm"> <button type="submit" disabled="disabled" class="btn my-2 my-sm-0 btn-secondary btn-sm disabled">Search</button></form>
            </li>
            <li right="" class="nav-item"><a href="/identity/account/register?returnUrl=/" target="_self" class="nav-link">Register</a></li>
            <li right="" class="nav-item"><a href="/identity/account/login?returnUrl=/" target="_self" class="nav-link">Login</a></li>
          </ul>
        </div>
      </transition-stub>
    </nav>
    <!---->
    <!---->
    <form id="logoutForm" action="/identity/account/logout" method="post" style="height: 0px;"><input name="__RequestVerificationToken" type="hidden" value="FOO"> <input type="hidden" name="returnUrl" value="/"> <button id="logout" type="submit" class="btn btn-link"></button></form>
  </div>
  <nav aria-label="breadcrumb">
    <ol class="breadcrumb" style="padding: 0.25rem 0.5rem;">
      <li class="breadcrumb-item"><a href="/" target="_self" class="">music4dance</a></li>
      <li class="breadcrumb-item"><a href="/dances" target="_self" class="">Dances</a></li>
      <li class="breadcrumb-item active"><span aria-current="location">Ballroom</span></li>
    </ol>
  </nav>
  <div id="body-content" class="container-fluid body-content">
    <h1>Competition Ballroom Dancing</h1>
    <div>
      <div>
        <p>
          One of the
          <a href="https://music4dance.blog/question-1-im-learning-to-cha-cha-where-is-some-great-music-for-practicing/">
            core ideas</a>
          behind <a href="https://www.music4dance.net">music4dance</a> is to find
          interesting music to build playlists for competitions rounds. This page is
          a central location to start a search for songs for your own playlists
          based on the tempo definitions of competition ballroom dance established
          by
          <a href="http://www.worlddancesport.org/Rule/Athlete/Competition">World Dance Council</a>
          and
          <a href="https://www.ndca.org/pages/ndca_rule_book/Default.asp">National Dance Council of America</a>
          and our database of songs.
        </p>
        <ul style="list-style-type: disc;">
          <li>
            Click on any of the tempos in the table below (in the MPM, DanceSport,
            or NDCA columns) to go to a list of songs of that tempo
          </li>
          <li>
            Click on the dance names to go to our details information page for that
            dance style
          </li>
          <li>
            Read our
            <a href="https://music4dance.blog/im-a-competition-ballroom-dancer-can-i-find-practice-songs-that-are-a-specific-tempo/">
              blog post</a>
            for step by step instructions on using our catalog to find music of
            specific style and tempo.
          </li>
          <li><a href="/identity/account/register">Register</a> (it's free) to start
            building your own music lists.
          </li>
        </ul>
      </div>
      <div>
        <h2><a href="/dances/american-smooth">American Smooth</a></h2>
        <div>
          <h4>An American Smooth four dance round consists of the following:</h4>
          <div class="table-responsive">
            <table role="table" aria-busy="false" aria-colcount="7" class="table b-table table-striped table-hover">
              <!---->
              <!---->
              <thead role="rowgroup" class="">
                <!---->
                <tr role="row" class="">
                  <th role="columnheader" scope="col" aria-colindex="1" class="">
                    <div>Name</div>
                  </th>
                  <th role="columnheader" scope="col" aria-colindex="2" class="">
                    <div>MPM</div>
                  </th>
                  <th role="columnheader" scope="col" aria-colindex="3" class="">
                    <div>DanceSport</div>
                  </th>
                  <th role="columnheader" scope="col" aria-colindex="4" class="">
                    <div>NDCA Silver/Gold</div>
                  </th>
                  <th role="columnheader" scope="col" aria-colindex="5" class="">
                    <div>NDCA Bronze</div>
                  </th>
                  <th role="columnheader" scope="col" aria-colindex="6" class="">
                    <div>BPM</div>
                  </th>
                  <th role="columnheader" scope="col" aria-colindex="7" class="">
                    <div>Meter</div>
                  </th>
                </tr>
              </thead>
              <tbody role="rowgroup">
                <!---->
                <tr role="row" class="">
                  <td aria-colindex="1" role="cell" class=""><a href="slow-waltz">Slow Waltz</a></td>
                  <td aria-colindex="2" role="cell" class=""><a href="/song/advancedsearch?dances=SWZ&amp;tempomin=84&amp;tempomax=90">28-30</a></td>
                  <td aria-colindex="3" role="cell" class=""><a href="/song/advancedsearch?dances=SWZ&amp;tempomin=84&amp;tempomax=90">28-30</a></td>
                  <td aria-colindex="4" role="cell" class=""><a href="/song/advancedsearch?dances=SWZ&amp;tempomin=90&amp;tempomax=96">30-32</a></td>
                  <td aria-colindex="5" role="cell" class=""><a href="/song/advancedsearch?dances=SWZ&amp;tempomin=84&amp;tempomax=90">28-30</a></td>
                  <td aria-colindex="6" role="cell" class=""><a href="/song/advancedsearch?dances=SWZ&amp;tempomin=84&amp;tempomax=90">84-90</a></td>
                  <td aria-colindex="7" role="cell" class="">3/4</td>
                </tr>
                <tr role="row" class="">
                  <td aria-colindex="1" role="cell" class=""><a href="tango-(ballroom)">Tango (Ballroom)</a></td>
                  <td aria-colindex="2" role="cell" class=""><a href="/song/advancedsearch?dances=TGO&amp;tempomin=120&amp;tempomax=120">30</a></td>
                  <td aria-colindex="3" role="cell" class=""><a href="/song/advancedsearch?dances=TGO&amp;tempomin=120&amp;tempomax=120">30</a></td>
                  <td aria-colindex="4" role="cell" class=""><a href="/song/advancedsearch?dances=TGO&amp;tempomin=120&amp;tempomax=128">30-32</a></td>
                  <td aria-colindex="5" role="cell" class=""><a href="/song/advancedsearch?dances=TGO&amp;tempomin=120&amp;tempomax=120">30</a></td>
                  <td aria-colindex="6" role="cell" class=""><a href="/song/advancedsearch?dances=TGO&amp;tempomin=120&amp;tempomax=120">120</a></td>
                  <td aria-colindex="7" role="cell" class="">4/4</td>
                </tr>
                <tr role="row" class="">
                  <td aria-colindex="1" role="cell" class=""><a href="slow-foxtrot">Slow Foxtrot</a></td>
                  <td aria-colindex="2" role="cell" class=""><a href="/song/advancedsearch?dances=SFT&amp;tempomin=120&amp;tempomax=136">30-34</a></td>
                  <td aria-colindex="3" role="cell" class=""><a href="/song/advancedsearch?dances=SFT&amp;tempomin=120&amp;tempomax=128">30-32</a></td>
                  <td aria-colindex="4" role="cell" class=""><a href="/song/advancedsearch?dances=SFT&amp;tempomin=128&amp;tempomax=136">32-34</a></td>
                  <td aria-colindex="5" role="cell" class=""><a href="/song/advancedsearch?dances=SFT&amp;tempomin=120&amp;tempomax=120">30</a></td>
                  <td aria-colindex="6" role="cell" class=""><a href="/song/advancedsearch?dances=SFT&amp;tempomin=120&amp;tempomax=136">120-136</a></td>
                  <td aria-colindex="7" role="cell" class="">4/4</td>
                </tr>
                <tr role="row" class="">
                  <td aria-colindex="1" role="cell" class=""><a href="viennese-waltz">Viennese Waltz</a></td>
                  <td aria-colindex="2" role="cell" class=""><a href="/song/advancedsearch?dances=VWZ&amp;tempomin=159&amp;tempomax=162">53-54</a></td>
                  <td aria-colindex="3" role="cell" class=""><a href="/song/advancedsearch?dances=VWZ&amp;tempomin=159&amp;tempomax=162">53-54</a></td>
                  <td aria-colindex="4" role="cell" class=""><a href="/song/advancedsearch?dances=VWZ&amp;tempomin=162&amp;tempomax=162">54</a></td>
                  <td aria-colindex="5" role="cell" class=""><a href="/song/advancedsearch?dances=VWZ&amp;tempomin=159&amp;tempomax=162">53-54</a></td>
                  <td aria-colindex="6" role="cell" class=""><a href="/song/advancedsearch?dances=VWZ&amp;tempomin=159&amp;tempomax=162">159-162</a></td>
                  <td aria-colindex="7" role="cell" class="">3/4</td>
                </tr>
                <!---->
                <!---->
              </tbody>
              <!---->
            </table>
          </div>
          <!---->
        </div>
      </div>
      <div>
        <h2><a href="/dances/international-standard">International Standard</a></h2>
        <div>
          <h4>An International Standard five dance round consists of the following:</h4>
          <div class="table-responsive">
            <table role="table" aria-busy="false" aria-colcount="7" class="table b-table table-striped table-hover">
              <!---->
              <!---->
              <thead role="rowgroup" class="">
                <!---->
                <tr role="row" class="">
                  <th role="columnheader" scope="col" aria-colindex="1" class="">
                    <div>Name</div>
                  </th>
                  <th role="columnheader" scope="col" aria-colindex="2" class="">
                    <div>MPM</div>
                  </th>
                  <th role="columnheader" scope="col" aria-colindex="3" class="">
                    <div>DanceSport</div>
                  </th>
                  <th role="columnheader" scope="col" aria-colindex="4" class="">
                    <div>NDCA Professional or Amateur</div>
                  </th>
                  <th role="columnheader" scope="col" aria-colindex="5" class="">
                    <div>NDCA Pro/Am</div>
                  </th>
                  <th role="columnheader" scope="col" aria-colindex="6" class="">
                    <div>BPM</div>
                  </th>
                  <th role="columnheader" scope="col" aria-colindex="7" class="">
                    <div>Meter</div>
                  </th>
                </tr>
              </thead>
              <tbody role="rowgroup">
                <!---->
                <tr role="row" class="">
                  <td aria-colindex="1" role="cell" class=""><a href="slow-waltz">Slow Waltz</a></td>
                  <td aria-colindex="2" role="cell" class=""><a href="/song/advancedsearch?dances=SWZ&amp;tempomin=84&amp;tempomax=90">28-30</a></td>
                  <td aria-colindex="3" role="cell" class=""><a href="/song/advancedsearch?dances=SWZ&amp;tempomin=84&amp;tempomax=90">28-30</a></td>
                  <td aria-colindex="4" role="cell" class=""><a href="/song/advancedsearch?dances=SWZ&amp;tempomin=84&amp;tempomax=90">28-30</a></td>
                  <td aria-colindex="5" role="cell" class=""><a href="/song/advancedsearch?dances=SWZ&amp;tempomin=84&amp;tempomax=84">28</a></td>
                  <td aria-colindex="6" role="cell" class=""><a href="/song/advancedsearch?dances=SWZ&amp;tempomin=84&amp;tempomax=90">84-90</a></td>
                  <td aria-colindex="7" role="cell" class="">3/4</td>
                </tr>
                <tr role="row" class="">
                  <td aria-colindex="1" role="cell" class=""><a href="tango-(ballroom)">Tango (Ballroom)</a></td>
                  <td aria-colindex="2" role="cell" class=""><a href="/song/advancedsearch?dances=TGO&amp;tempomin=128&amp;tempomax=128">32</a></td>
                  <td aria-colindex="3" role="cell" class=""><a href="/song/advancedsearch?dances=TGO&amp;tempomin=124&amp;tempomax=132">31-33</a></td>
                  <td aria-colindex="4" role="cell" class=""><a href="/song/advancedsearch?dances=TGO&amp;tempomin=128&amp;tempomax=128">32</a></td>
                  <td aria-colindex="5" role="cell" class=""><a href="/song/advancedsearch?dances=TGO&amp;tempomin=128&amp;tempomax=128">32</a></td>
                  <td aria-colindex="6" role="cell" class=""><a href="/song/advancedsearch?dances=TGO&amp;tempomin=128&amp;tempomax=128">128</a></td>
                  <td aria-colindex="7" role="cell" class="">4/4</td>
                </tr>
                <tr role="row" class="">
                  <td aria-colindex="1" role="cell" class=""><a href="viennese-waltz">Viennese Waltz</a></td>
                  <td aria-colindex="2" role="cell" class=""><a href="/song/advancedsearch?dances=VWZ&amp;tempomin=168&amp;tempomax=174">56-58</a></td>
                  <td aria-colindex="3" role="cell" class=""><a href="/song/advancedsearch?dances=VWZ&amp;tempomin=174&amp;tempomax=180">58-60</a></td>
                  <td aria-colindex="4" role="cell" class=""><a href="/song/advancedsearch?dances=VWZ&amp;tempomin=168&amp;tempomax=174">56-58</a></td>
                  <td aria-colindex="5" role="cell" class=""><a href="/song/advancedsearch?dances=VWZ&amp;tempomin=168&amp;tempomax=174">56-58</a></td>
                  <td aria-colindex="6" role="cell" class=""><a href="/song/advancedsearch?dances=VWZ&amp;tempomin=168&amp;tempomax=174">168-174</a></td>
                  <td aria-colindex="7" role="cell" class="">3/4</td>
                </tr>
                <tr role="row" class="">
                  <td aria-colindex="1" role="cell" class=""><a href="slow-foxtrot">Slow Foxtrot</a></td>
                  <td aria-colindex="2" role="cell" class=""><a href="/song/advancedsearch?dances=SFT&amp;tempomin=112&amp;tempomax=120">28-30</a></td>
                  <td aria-colindex="3" role="cell" class=""><a href="/song/advancedsearch?dances=SFT&amp;tempomin=112&amp;tempomax=120">28-30</a></td>
                  <td aria-colindex="4" role="cell" class=""><a href="/song/advancedsearch?dances=SFT&amp;tempomin=112&amp;tempomax=120">28-30</a></td>
                  <td aria-colindex="5" role="cell" class=""><a href="/song/advancedsearch?dances=SFT&amp;tempomin=112&amp;tempomax=120">28-30</a></td>
                  <td aria-colindex="6" role="cell" class=""><a href="/song/advancedsearch?dances=SFT&amp;tempomin=112&amp;tempomax=120">112-120</a></td>
                  <td aria-colindex="7" role="cell" class="">4/4</td>
                </tr>
                <tr role="row" class="">
                  <td aria-colindex="1" role="cell" class=""><a href="quickstep">Quickstep</a></td>
                  <td aria-colindex="2" role="cell" class=""><a href="/song/advancedsearch?dances=QST&amp;tempomin=192&amp;tempomax=208">48-52</a></td>
                  <td aria-colindex="3" role="cell" class=""><a href="/song/advancedsearch?dances=QST&amp;tempomin=200&amp;tempomax=208">50-52</a></td>
                  <td aria-colindex="4" role="cell" class=""><a href="/song/advancedsearch?dances=QST&amp;tempomin=192&amp;tempomax=208">48-52</a></td>
                  <td aria-colindex="5" role="cell" class=""><a href="/song/advancedsearch?dances=QST&amp;tempomin=192&amp;tempomax=208">48-52</a></td>
                  <td aria-colindex="6" role="cell" class=""><a href="/song/advancedsearch?dances=QST&amp;tempomin=192&amp;tempomax=208">192-208</a></td>
                  <td aria-colindex="7" role="cell" class="">4/4</td>
                </tr>
                <!---->
                <!---->
              </tbody>
              <!---->
            </table>
          </div>
          <!---->
        </div>
      </div>
      <div>
        <h2><a href="/dances/american-rhythm">American Rhythm</a></h2>
        <div>
          <h4>An American Rhythm five dance round consists of the following:</h4>
          <div class="table-responsive">
            <table role="table" aria-busy="false" aria-colcount="7" class="table b-table table-striped table-hover">
              <!---->
              <!---->
              <thead role="rowgroup" class="">
                <!---->
                <tr role="row" class="">
                  <th role="columnheader" scope="col" aria-colindex="1" class="">
                    <div>Name</div>
                  </th>
                  <th role="columnheader" scope="col" aria-colindex="2" class="">
                    <div>MPM</div>
                  </th>
                  <th role="columnheader" scope="col" aria-colindex="3" class="">
                    <div>DanceSport</div>
                  </th>
                  <th role="columnheader" scope="col" aria-colindex="4" class="">
                    <div>NDCA Silver/Gold</div>
                  </th>
                  <th role="columnheader" scope="col" aria-colindex="5" class="">
                    <div>NDCA Bronze</div>
                  </th>
                  <th role="columnheader" scope="col" aria-colindex="6" class="">
                    <div>BPM</div>
                  </th>
                  <th role="columnheader" scope="col" aria-colindex="7" class="">
                    <div>Meter</div>
                  </th>
                </tr>
              </thead>
              <tbody role="rowgroup">
                <!---->
                <tr role="row" class="">
                  <td aria-colindex="1" role="cell" class=""><a href="cha-cha">Cha Cha</a></td>
                  <td aria-colindex="2" role="cell" class=""><a href="/song/advancedsearch?dances=CHA&amp;tempomin=120&amp;tempomax=120">30</a></td>
                  <td aria-colindex="3" role="cell" class=""><a href="/song/advancedsearch?dances=CHA&amp;tempomin=120&amp;tempomax=120">30</a></td>
                  <td aria-colindex="4" role="cell" class=""><a href="/song/advancedsearch?dances=CHA&amp;tempomin=120&amp;tempomax=120">30</a></td>
                  <td aria-colindex="5" role="cell" class=""><a href="/song/advancedsearch?dances=CHA&amp;tempomin=120&amp;tempomax=120">30</a></td>
                  <td aria-colindex="6" role="cell" class=""><a href="/song/advancedsearch?dances=CHA&amp;tempomin=120&amp;tempomax=120">120</a></td>
                  <td aria-colindex="7" role="cell" class="">4/4</td>
                </tr>
                <tr role="row" class="">
                  <td aria-colindex="1" role="cell" class=""><a href="rumba">Rumba</a></td>
                  <td aria-colindex="2" role="cell" class=""><a href="/song/advancedsearch?dances=RMB&amp;tempomin=120&amp;tempomax=144">30-36</a></td>
                  <td aria-colindex="3" role="cell" class=""><a href="/song/advancedsearch?dances=RMB&amp;tempomin=120&amp;tempomax=136">30-34</a></td>
                  <td aria-colindex="4" role="cell" class=""><a href="/song/advancedsearch?dances=RMB&amp;tempomin=120&amp;tempomax=128">30-32</a></td>
                  <td aria-colindex="5" role="cell" class=""><a href="/song/advancedsearch?dances=RMB&amp;tempomin=128&amp;tempomax=144">32-36</a></td>
                  <td aria-colindex="6" role="cell" class=""><a href="/song/advancedsearch?dances=RMB&amp;tempomin=120&amp;tempomax=144">120-144</a></td>
                  <td aria-colindex="7" role="cell" class="">4/4</td>
                </tr>
                <tr role="row" class="">
                  <td aria-colindex="1" role="cell" class=""><a href="east-coast-swing">East Coast Swing</a></td>
                  <td aria-colindex="2" role="cell" class=""><a href="/song/advancedsearch?dances=ECS&amp;tempomin=136&amp;tempomax=144">34-36</a></td>
                  <td aria-colindex="3" role="cell" class=""><a href="/song/advancedsearch?dances=ECS&amp;tempomin=136&amp;tempomax=144">34-36</a></td>
                  <td aria-colindex="4" role="cell" class=""><a href="/song/advancedsearch?dances=ECS&amp;tempomin=136&amp;tempomax=144">34-36</a></td>
                  <td aria-colindex="5" role="cell" class=""><a href="/song/advancedsearch?dances=ECS&amp;tempomin=144&amp;tempomax=144">36</a></td>
                  <td aria-colindex="6" role="cell" class=""><a href="/song/advancedsearch?dances=ECS&amp;tempomin=136&amp;tempomax=144">136-144</a></td>
                  <td aria-colindex="7" role="cell" class="">4/4</td>
                </tr>
                <tr role="row" class="">
                  <td aria-colindex="1" role="cell" class=""><a href="bolero">Bolero</a></td>
                  <td aria-colindex="2" role="cell" class=""><a href="/song/advancedsearch?dances=BOL&amp;tempomin=96&amp;tempomax=104">24-26</a></td>
                  <td aria-colindex="3" role="cell" class=""><a href="/song/advancedsearch?dances=BOL&amp;tempomin=96&amp;tempomax=104">24-26</a></td>
                  <td aria-colindex="4" role="cell" class=""><a href="/song/advancedsearch?dances=BOL&amp;tempomin=96&amp;tempomax=104">24-26</a></td>
                  <td aria-colindex="5" role="cell" class=""><a href="/song/advancedsearch?dances=BOL&amp;tempomin=96&amp;tempomax=96">24</a></td>
                  <td aria-colindex="6" role="cell" class=""><a href="/song/advancedsearch?dances=BOL&amp;tempomin=96&amp;tempomax=104">96-104</a></td>
                  <td aria-colindex="7" role="cell" class="">4/4</td>
                </tr>
                <tr role="row" class="">
                  <td aria-colindex="1" role="cell" class=""><a href="mambo">Mambo</a></td>
                  <td aria-colindex="2" role="cell" class=""><a href="/song/advancedsearch?dances=MBO&amp;tempomin=188&amp;tempomax=204">47-51</a></td>
                  <td aria-colindex="3" role="cell" class=""><a href="/song/advancedsearch?dances=MBO&amp;tempomin=188&amp;tempomax=204">47-51</a></td>
                  <td aria-colindex="4" role="cell" class=""><a href="/song/advancedsearch?dances=MBO&amp;tempomin=192&amp;tempomax=204">48-51</a></td>
                  <td aria-colindex="5" role="cell" class=""><a href="/song/advancedsearch?dances=MBO&amp;tempomin=188&amp;tempomax=188">47</a></td>
                  <td aria-colindex="6" role="cell" class=""><a href="/song/advancedsearch?dances=MBO&amp;tempomin=188&amp;tempomax=204">188-204</a></td>
                  <td aria-colindex="7" role="cell" class="">4/4</td>
                </tr>
                <!---->
                <!---->
              </tbody>
              <!---->
            </table>
          </div>
          <!---->
        </div>
      </div>
      <div>
        <h2><a href="/dances/international-latin">International Latin</a></h2>
        <div>
          <h4>An International Latin five dance round consists of the following:</h4>
          <div class="table-responsive">
            <table role="table" aria-busy="false" aria-colcount="7" class="table b-table table-striped table-hover">
              <!---->
              <!---->
              <thead role="rowgroup" class="">
                <!---->
                <tr role="row" class="">
                  <th role="columnheader" scope="col" aria-colindex="1" class="">
                    <div>Name</div>
                  </th>
                  <th role="columnheader" scope="col" aria-colindex="2" class="">
                    <div>MPM</div>
                  </th>
                  <th role="columnheader" scope="col" aria-colindex="3" class="">
                    <div>DanceSport</div>
                  </th>
                  <th role="columnheader" scope="col" aria-colindex="4" class="">
                    <div>NDCA Professional or Amateur</div>
                  </th>
                  <th role="columnheader" scope="col" aria-colindex="5" class="">
                    <div>NDCA Pro/Am</div>
                  </th>
                  <th role="columnheader" scope="col" aria-colindex="6" class="">
                    <div>BPM</div>
                  </th>
                  <th role="columnheader" scope="col" aria-colindex="7" class="">
                    <div>Meter</div>
                  </th>
                </tr>
              </thead>
              <tbody role="rowgroup">
                <!---->
                <tr role="row" class="">
                  <td aria-colindex="1" role="cell" class=""><a href="cha-cha">Cha Cha</a></td>
                  <td aria-colindex="2" role="cell" class=""><a href="/song/advancedsearch?dances=CHA&amp;tempomin=124&amp;tempomax=124">31</a></td>
                  <td aria-colindex="3" role="cell" class=""><a href="/song/advancedsearch?dances=CHA&amp;tempomin=120&amp;tempomax=128">30-32</a></td>
                  <td aria-colindex="4" role="cell" class=""><a href="/song/advancedsearch?dances=CHA&amp;tempomin=124&amp;tempomax=124">31</a></td>
                  <td aria-colindex="5" role="cell" class=""><a href="/song/advancedsearch?dances=CHA&amp;tempomin=124&amp;tempomax=124">31</a></td>
                  <td aria-colindex="6" role="cell" class=""><a href="/song/advancedsearch?dances=CHA&amp;tempomin=124&amp;tempomax=124">124</a></td>
                  <td aria-colindex="7" role="cell" class="">4/4</td>
                </tr>
                <tr role="row" class="">
                  <td aria-colindex="1" role="cell" class=""><a href="samba">Samba</a></td>
                  <td aria-colindex="2" role="cell" class=""><a href="/song/advancedsearch?dances=SMB&amp;tempomin=96&amp;tempomax=104">48-52</a></td>
                  <td aria-colindex="3" role="cell" class=""><a href="/song/advancedsearch?dances=SMB&amp;tempomin=100&amp;tempomax=104">50-52</a></td>
                  <td aria-colindex="4" role="cell" class=""><a href="/song/advancedsearch?dances=SMB&amp;tempomin=96&amp;tempomax=100">48-50</a></td>
                  <td aria-colindex="5" role="cell" class=""><a href="/song/advancedsearch?dances=SMB&amp;tempomin=100&amp;tempomax=100">50</a></td>
                  <td aria-colindex="6" role="cell" class=""><a href="/song/advancedsearch?dances=SMB&amp;tempomin=96&amp;tempomax=104">96-104</a></td>
                  <td aria-colindex="7" role="cell" class="">2/4</td>
                </tr>
                <tr role="row" class="">
                  <td aria-colindex="1" role="cell" class=""><a href="rumba">Rumba</a></td>
                  <td aria-colindex="2" role="cell" class=""><a href="/song/advancedsearch?dances=RMB&amp;tempomin=100&amp;tempomax=108">25-27</a></td>
                  <td aria-colindex="3" role="cell" class=""><a href="/song/advancedsearch?dances=RMB&amp;tempomin=100&amp;tempomax=108">25-27</a></td>
                  <td aria-colindex="4" role="cell" class=""><a href="/song/advancedsearch?dances=RMB&amp;tempomin=108&amp;tempomax=108">27</a></td>
                  <td aria-colindex="5" role="cell" class=""><a href="/song/advancedsearch?dances=RMB&amp;tempomin=104&amp;tempomax=104">26</a></td>
                  <td aria-colindex="6" role="cell" class=""><a href="/song/advancedsearch?dances=RMB&amp;tempomin=100&amp;tempomax=108">100-108</a></td>
                  <td aria-colindex="7" role="cell" class="">4/4</td>
                </tr>
                <tr role="row" class="">
                  <td aria-colindex="1" role="cell" class=""><a href="paso-doble">Paso Doble</a></td>
                  <td aria-colindex="2" role="cell" class=""><a href="/song/advancedsearch?dances=PDL&amp;tempomin=120&amp;tempomax=124">60-62</a></td>
                  <td aria-colindex="3" role="cell" class=""><a href="/song/advancedsearch?dances=PDL&amp;tempomin=120&amp;tempomax=124">60-62</a></td>
                  <td aria-colindex="4" role="cell" class=""><a href="/song/advancedsearch?dances=PDL&amp;tempomin=120&amp;tempomax=124">60-62</a></td>
                  <td aria-colindex="5" role="cell" class=""><a href="/song/advancedsearch?dances=PDL&amp;tempomin=120&amp;tempomax=124">60-62</a></td>
                  <td aria-colindex="6" role="cell" class=""><a href="/song/advancedsearch?dances=PDL&amp;tempomin=120&amp;tempomax=124">120-124</a></td>
                  <td aria-colindex="7" role="cell" class="">2/4</td>
                </tr>
                <tr role="row" class="">
                  <td aria-colindex="1" role="cell" class=""><a href="jive">Jive</a></td>
                  <td aria-colindex="2" role="cell" class=""><a href="/song/advancedsearch?dances=JIV&amp;tempomin=152&amp;tempomax=176">38-44</a></td>
                  <td aria-colindex="3" role="cell" class=""><a href="/song/advancedsearch?dances=JIV&amp;tempomin=168&amp;tempomax=176">42-44</a></td>
                  <td aria-colindex="4" role="cell" class=""><a href="/song/advancedsearch?dances=JIV&amp;tempomin=152&amp;tempomax=176">38-44</a></td>
                  <td aria-colindex="5" role="cell" class=""><a href="/song/advancedsearch?dances=JIV&amp;tempomin=176&amp;tempomax=176">44</a></td>
                  <td aria-colindex="6" role="cell" class=""><a href="/song/advancedsearch?dances=JIV&amp;tempomin=152&amp;tempomax=176">152-176</a></td>
                  <td aria-colindex="7" role="cell" class="">4/4</td>
                </tr>
                <!---->
                <!---->
              </tbody>
              <!---->
            </table>
          </div>
          <!---->
        </div>
      </div>
      <dl>
        <div>
          <div><img src="/images/icons/tools.png" alt="tools" width="24" height="24">
            Explore relationships between the meter and tempi of different dance styles and find songs that match.
          </div>
          <div class="ml-3"><a href="https://www.music4dance.net/home/tempi" target="_self" class="btn btn-tools btn-sm" style="margin-left: 1em; margin-bottom: 0.25em;"><svg viewBox="0 0 16 16" width="1em" height="1em" focusable="false" role="img" aria-label="play" xmlns="http://www.w3.org/2000/svg" fill="currentColor" class="bi-play b-icon bi">
                <g>
                  <path d="M10.804 8 5 4.633v6.734L10.804 8zm.792-.696a.802.802 0 0 1 0 1.392l-6.363 3.692C4.713 12.69 4 12.345 4 11.692V4.308c0-.653.713-.998 1.233-.696l6.363 3.692z"></path>
                </g>
              </svg>&nbsp;Try It!
            </a> <a href="https://music4dance.blog/music4dance-help/dance-tempi/" target="_self" class="btn btn-tools btn-sm" style="margin-left: 1em; margin-bottom: 0.25em;"><svg viewBox="0 0 16 16" width="1em" height="1em" focusable="false" role="img" aria-label="file text" xmlns="http://www.w3.org/2000/svg" fill="currentColor" class="bi-file-text b-icon bi">
                <g>
                  <path d="M5 4a.5.5 0 0 0 0 1h6a.5.5 0 0 0 0-1H5zm-.5 2.5A.5.5 0 0 1 5 6h6a.5.5 0 0 1 0 1H5a.5.5 0 0 1-.5-.5zM5 8a.5.5 0 0 0 0 1h6a.5.5 0 0 0 0-1H5zm0 2a.5.5 0 0 0 0 1h3a.5.5 0 0 0 0-1H5z"></path>
                  <path d="M2 2a2 2 0 0 1 2-2h8a2 2 0 0 1 2 2v12a2 2 0 0 1-2 2H4a2 2 0 0 1-2-2V2zm10-1H4a1 1 0 0 0-1 1v12a1 1 0 0 0 1 1h8a1 1 0 0 0 1-1V2a1 1 0 0 0-1-1z"></path>
                </g>
              </svg>&nbsp;Documentation
            </a> <a href="https://music4dance.blog/tag/tempo/" target="_self" class="btn btn-tools btn-sm" style="margin-left: 1em; margin-bottom: 0.25em;"><svg viewBox="0 0 16 16" width="1em" height="1em" focusable="false" role="img" aria-label="pencil square" xmlns="http://www.w3.org/2000/svg" fill="currentColor" class="bi-pencil-square b-icon bi">
                <g>
                  <path d="M15.502 1.94a.5.5 0 0 1 0 .706L14.459 3.69l-2-2L13.502.646a.5.5 0 0 1 .707 0l1.293 1.293zm-1.75 2.456-2-2L4.939 9.21a.5.5 0 0 0-.121.196l-.805 2.414a.25.25 0 0 0 .316.316l2.414-.805a.5.5 0 0 0 .196-.12l6.813-6.814z"></path>
                  <path fill-rule="evenodd" d="M1 13.5A1.5 1.5 0 0 0 2.5 15h11a1.5 1.5 0 0 0 1.5-1.5v-6a.5.5 0 0 0-1 0v6a.5.5 0 0 1-.5.5h-11a.5.5 0 0 1-.5-.5v-11a.5.5 0 0 1 .5-.5H9a.5.5 0 0 0 0-1H2.5A1.5 1.5 0 0 0 1 2.5v11z"></path>
                </g>
              </svg>&nbsp;Blog Posts
            </a></div>
          <!---->
        </div>
        <div>
          <dd><img src="/images/icons/info.png" alt="tools" width="24" height="24">
            Read the <a href="https://music4dance.blog">music4dance blog</a> entries
            about <a href="https://music4dance.blog/tag/ballroom">Ballroom</a>.
          </dd>
        </div>
      </dl>
    </div>
  </div>
  <div id="footer-content">
    <hr>
    <footer>
      <p>
        © 2022 -
        <a href="https://www.music4dance.net">Music4Dance.net</a> -
        <a href="https://www.music4dance.net/home/sitemap">Site Map</a> -
        <a href="https://www.music4dance.net/home/termsofservice">Terms of Service</a>
        -
        <a href="https://www.music4dance.net/home/privacypolicy">Privacy Policy</a>
        - <a href="https://www.music4dance.net/home/credits">Credits</a> -
        <a href="https://music4dance.blog/music4dance-help/song-list/">Help</a>
      </p>
    </footer>
  </div>
  <!---->
</div>
`;
