// Jest Snapshot v1, https://goo.gl/fbAQLP

exports[`Resume.vue renders the resume page 1`] = `
<div>
  <div>
    <!---->
    <!---->
    <nav class="navbar navbar-dark bg-primary navbar-expand-lg" id="mainMenu"><a href="/" target="_self" class="navbar-brand"><img src="/images/header-logo.png" height="40" title="music4dance"></a> <button type="button" aria-label="Toggle navigation" class="navbar-toggler collapsed" aria-expanded="false" aria-controls="nav-collapse"><span class="navbar-toggler-icon"></span></button>
      <transition-stub css="true" enterclass="" leaveclass="collapse show" entertoclass="collapse show" leavetoclass="collapse" enteractiveclass="collapsing" leaveactiveclass="collapsing">
        <div id="nav-collapse" class="navbar-collapse collapse" style="display: none;">
          <ul class="navbar-nav">
            <li id="music-menu" class="nav-item b-nav-dropdown dropdown"><a id="music-menu__BV_toggle_" role="button" aria-haspopup="true" aria-expanded="false" aria-controls="music-menu__BV_toggle_menu_" href="#music-menu" target="_self" class="nav-link dropdown-toggle"><span>Music</span></a>
              <ul tabindex="-1" aria-labelledby="music-menu__BV_toggle_" id="music-menu__BV_toggle_menu_" class="dropdown-menu">
                <li role="presentation"><a role="menuitem" href="/dances" target="_self" class="dropdown-item">Dances</a></li>
                <li role="presentation" class="nav-subitem"><a role="menuitem" href="/dances/ballroom-competition-categories" target="_self" class="dropdown-item">Ballroom</a></li>
                <li role="presentation" class="nav-subitem"><a role="menuitem" href="/dances/latin" target="_self" class="dropdown-item">Latin</a></li>
                <li role="presentation" class="nav-subitem"><a role="menuitem" href="/dances/swing" target="_self" class="dropdown-item">Swing</a></li>
                <li role="presentation" class="nav-subitem"><a role="menuitem" href="/dances/tango" target="_self" class="dropdown-item">Tango</a></li>
                <li role="presentation"><a role="menuitem" href="/song" target="_self" class="dropdown-item">Song Library</a></li>
                <li role="presentation" class="nav-subitem"><a role="menuitem" href="/song/advancedsearchform" target="_self" class="dropdown-item">Advanced Search</a></li>
                <li role="presentation" class="nav-subitem"><a role="menuitem" href="/song/augment" target="_self" class="dropdown-item">Add Song</a></li>
                <li role="presentation" class="nav-subitem"><a role="menuitem" href="/song/newmusic" target="_self" class="dropdown-item">New Music</a></li>
                <li role="presentation"><a role="menuitem" href="/dances/wedding-music" target="_self" class="dropdown-item">Wedding</a></li>
                <li role="presentation"><a role="menuitem" href="/song/holidaymusic" target="_self" class="dropdown-item">Holiday</a></li>
                <li role="presentation"><a role="menuitem" href="/song/holidaymusic?occassion=halloween" target="_self" class="dropdown-item">Halloween</a></li>
                <li role="presentation"><a role="menuitem" href="/tag" target="_self" class="dropdown-item">Tags</a></li>
              </ul>
            </li>
            <li id="tools-menu" class="nav-item b-nav-dropdown dropdown"><a id="tools-menu__BV_toggle_" role="button" aria-haspopup="true" aria-expanded="false" aria-controls="tools-menu__BV_toggle_menu_" href="#tools-menu" target="_self" class="nav-link dropdown-toggle"><span>Tools</span></a>
              <ul tabindex="-1" aria-labelledby="tools-menu__BV_toggle_" id="tools-menu__BV_toggle_menu_" class="dropdown-menu">
                <li role="presentation"><a role="menuitem" href="/home/counter" target="_self" class="dropdown-item">Tempo Counter</a></li>
                <li role="presentation"><a role="menuitem" href="/home/tempi" target="_self" class="dropdown-item">Tempi (Tempos)</a></li>
                <li role="presentation"><a role="menuitem" href="/song/advancedsearchform" target="_self" class="dropdown-item">Advanced Search</a></li>
                <!---->
              </ul>
            </li>
            <li class="nav-item b-nav-dropdown dropdown"><a role="button" aria-haspopup="true" aria-expanded="false" href="#" target="_self" class="nav-link dropdown-toggle"><span>Info</span></a>
              <ul tabindex="-1" class="dropdown-menu">
                <li role="presentation"><a role="menuitem" href="https://music4dance.blog/music4dance-help/song-list/" target="_self" class="dropdown-item">Help</a></li>
                <li role="presentation"><a role="menuitem" href="https://music4dance.blog/" target="_self" class="dropdown-item">Blog</a></li>
                <li role="presentation"><a role="menuitem" href="/home/faq" target="_self" class="dropdown-item">FAQ</a></li>
                <li role="presentation"><a role="menuitem" href="/home/about" target="_self" class="dropdown-item">About music4dance</a></li>
                <li role="presentation"><a role="menuitem" href="/home/readinglist" target="_self" class="dropdown-item">Reading List</a></li>
                <li role="presentation"><a role="menuitem" href="/home/sitemap" target="_self" class="dropdown-item">Site Map</a></li>
                <li role="presentation"><a role="menuitem" href="/home/privacypolicy" target="_self" class="dropdown-item">Privacy Policy</a></li>
                <li role="presentation"><a role="menuitem" href="/home/credits" target="_self" class="dropdown-item">Credits</a></li>
              </ul>
            </li>
            <li id="contribute-menu" right="" class="nav-item"><a href="/home/contribute" target="_self" class="nav-link">Contribute</a></li>
            <!---->
          </ul>
          <ul class="navbar-nav ml-auto">
            <li class="form-inline">
              <form class="form-inline"><input type="text" placeholder="Search" class="mr-sm-2 form-control form-control-sm"> <button type="submit" disabled="disabled" class="btn my-2 my-sm-0 btn-secondary btn-sm disabled">Search</button></form>
            </li>
            <li right="" class="nav-item"><a href="/identity/account/register?returnUrl=/" target="_self" class="nav-link">Register</a></li>
            <li right="" class="nav-item"><a href="/identity/account/login?returnUrl=/" target="_self" class="nav-link">Login</a></li>
          </ul>
        </div>
      </transition-stub>
    </nav>
    <!---->
    <!---->
    <form id="logoutForm" action="/identity/account/logout" method="post" style="height: 0px;"><input name="__RequestVerificationToken" type="hidden" value="FOO"> <input type="hidden" name="returnUrl" value="/"> <button id="logout" type="submit" class="btn btn-link"></button></form>
  </div>
  <nav aria-label="breadcrumb">
    <ol class="breadcrumb" style="padding: 0.25rem 0.5rem;">
      <li class="breadcrumb-item"><a href="/" target="_self" class="">music4dance</a></li>
      <li class="breadcrumb-item"><a href="/home/info" target="_self" class="">Info</a></li>
      <li class="breadcrumb-item"><a href="/home/about" target="_self" class="">About</a></li>
      <li class="breadcrumb-item active"><span aria-current="location">Resmue</span></li>
    </ol>
  </nav>
  <div id="body-content" class="container-fluid body-content">
    <h1>David's Resume</h1>
    <div>
      <p><a href="/Content/DavidGray-Resume.pdf">Printable Version</a></p>
      <div class="title">David W. Gray</div>
      <div class="section">Skills Profile</div>
      <ul>
        <li>
          C#/.Net, C/C++, JavaScript, TypeScript, Vue.js, MySql, T-SQL, Azure
          Cognitive Search
        </li>
        <li>Full Stack Web, Desktop Application, Diagnostic Tools Development</li>
        <li>
          Leadership experience using both Agile and Waterfall methodologies
        </li>
        <li>Mentor and coach</li>
      </ul>
      <div class="section">Employment History</div>
      <div class="job">
        <div class="job-row">
          <div class="job-title">
            Software Engineering Manager, Clean Power Research
          </div>
          <div class="dates">2017 — Present</div>
        </div>
        <div class="location">Kirkland, WA</div>
        <div class="description">
          <ul>
            <li>
              Managed a team of engineers who develop a family of products
              including consumer facing solar, storage and electric vehicle
              calculators, a B2B API for utility bill calculations, and a utility
              scale ML based prediction engine for distributed energy resource
              adoption. These are SaaS products that are developed using Microsoft
              technologies with a Vue.js/TypeScript front end running in the AWS
              cloud.
            </li>
            <li>
              Rebuilt a team and a code base that had been oriented towards small
              contract-based projects by introducing engineering practices that
              moved towards a more stable and manageable team and system. This
              included introducing SCRUM practices, design and code review
              processes and several levels of automated testing. Average feature
              completion time went from being measured in months to weeks.
            </li>
            <li>
              Implemented SOC2 controls, including passing all four annual audits
              without exceptions. Collaborated with external penetration testers
              to secure the products.
            </li>
            <li>
              Established a quarterly “Management Book Club” and built
              communications between managers to establish management practices
              and train new managers.
            </li>
          </ul>
        </div>
      </div>
      <div class="job">
        <div class="job-row">
          <div class="job-title">Founder, music4dance.net</div>
          <div class="dates">2014 — Present</div>
        </div>
        <div class="location">Seattle, WA</div>
        <div class="description">
          Built a ratings and referral website that helps dancers find music that
          inspires them to dance. This is a Web application written in asp.net
          core with a Vue.js front end, running in the Azure cloud and built
          around Azure Cognitive search.
        </div>
      </div>
      <div class="job">
        <div class="job-row">
          <div class="job-title">Principal Lead Software Engineer, Microsoft</div>
          <div class="dates">2003 — 2012</div>
        </div>
        <div class="location">Redmond, WA</div>
        <div class="description">
          <ul>
            <li>
              Engineering lead for the Visual Studio Debugger, Profiler, and
              IntelliTrace. Drove best of class diagnostics tools through multiple
              product cycles. Attacked many of the hardest problems developers
              face including reducing the “not reproducible” problem and
              diagnosing issues in the cloud, desktop and devices.
            </li>
            <li>
              Collaborated with cross-functional teams across Microsoft including
              Visual Studio, C#, VB, C++, .net, SharePoint and Windows to enable
              features that were business critical to those teams and to enable
              the tools that my team owned to work effectively with those
              platforms and languages.
            </li>
            <li>
              Worked with management and the team to transition to a SCRUM process
            </li>
          </ul>
        </div>
      </div>
      <div class="job">
        <div class="job-row">
          <div class="job-title">President, theGray.com</div>
          <div class="dates">1999 — 2003</div>
        </div>
        <div class="location">Seattle, WA</div>
        <div class="description">
          General software consulting including technical feasibility analysis for
          venture capitalists, website design and deployment, custom office
          automation and billing software for a clinic, web-based survey, and data
          cleaning.
        </div>
      </div>
      <div class="job">
        <div class="job-row">
          <div class="job-title">Vice President of Technology, Sunhawk.com</div>
          <div class="dates">1996 — 1998</div>
        </div>
        <div class="location">Seattle, WA</div>
        <div class="description">
          Managed a cross-functional team of Software Engineers, Graphics Artists
          and Music Librarians to build an e-commerce solution for browsing and
          purchasing sheet music over the internet. This included a web-site
          engine that both compiled static pages served by a Linux server and an
          IIS plugin to dynamically serve pages based on a custom music database
          as well as a system to download encrypted sheet music and purchase the
          encryption key by processing credit card transactions.
        </div>
      </div>
      <div class="job">
        <div class="job-row">
          <div class="job-title">Lead Software Engineer, Microsoft</div>
          <div class="dates">1995 — 1996</div>
        </div>
        <div class="location">Redmond, WA</div>
        <div class="description">
          Led a team that translated some of the most compelling ideas from Visual
          Basic Enterprise Edition including database management and component
          wizards into the first Enterprise Edition of Visual C++.
        </div>
      </div>
      <div class="job">
        <div class="job-row">
          <div class="job-title">Senior Software Engineer, Microsoft</div>
          <div class="dates">1989 — 1995</div>
        </div>
        <div class="location">Redmond, WA</div>
        <div class="description">
          Designed and implemented the core debugger to enable it to target
          multiple operating systems running different microprocessors, locally
          and remotely while hosted in different development environments.
        </div>
      </div>
      <div class="section">Education</div>
      <ul>
        <li>
          B.S. Applied Mathematics and Computer Science, Carnegie Mellon
          University, Pittsburgh
        </li>
        <li>User Experience and Design Certificate, General Assembly, Seattle</li>
      </ul>
      <div class="section">Teaching/Volunteering</div>
      <ul>
        <li>
          Instructor, Discrete Math and Data Structures, Northeastern University,
          Seattle
        </li>
        <li>
          Volunteer Teacher, Introduction to Computer Science, Truman High School,
          Federal Way
        </li>
        <li>
          Instructor, Introduction to Programming Workshop, General Assembly,
          Seattle, Washington
        </li>
        <li>
          Mentor, Computer science students in non-traditional colleges, MinT
        </li>
      </ul>
    </div>
  </div>
  <div id="footer-content">
    <hr>
    <footer>
      <p>
        © 2022 -
        <a href="https://www.music4dance.net">Music4Dance.net</a> -
        <a href="https://www.music4dance.net/home/sitemap">Site Map</a> -
        <a href="https://www.music4dance.net/home/termsofservice">Terms of Service</a>
        -
        <a href="https://www.music4dance.net/home/privacypolicy">Privacy Policy</a>
        - <a href="https://www.music4dance.net/home/credits">Credits</a> -
        <a href="https://music4dance.blog/music4dance-help/song-list/">Help</a>
      </p>
    </footer>
  </div>
  <!---->
</div>
`;
