// Jest Snapshot v1, https://goo.gl/fbAQLP

exports[`Augment.vue renders the augment page 1`] = `
<div>
  <div>
    <!---->
    <!---->
    <nav class="navbar navbar-dark bg-primary navbar-expand-lg" id="mainMenu"><a href="/" target="_self" class="navbar-brand"><img src="/images/header-logo.png" height="40" title="music4dance"></a> <button type="button" aria-label="Toggle navigation" class="navbar-toggler collapsed" aria-expanded="false" aria-controls="nav-collapse"><span class="navbar-toggler-icon"></span></button>
      <transition-stub css="true" enterclass="" leaveclass="collapse show" entertoclass="collapse show" leavetoclass="collapse" enteractiveclass="collapsing" leaveactiveclass="collapsing">
        <div id="nav-collapse" class="navbar-collapse collapse" style="display: none;">
          <ul class="navbar-nav">
            <li id="music-menu" class="nav-item b-nav-dropdown dropdown"><a id="music-menu__BV_toggle_" role="button" aria-haspopup="true" aria-expanded="false" aria-controls="music-menu__BV_toggle_menu_" href="#music-menu" target="_self" class="nav-link dropdown-toggle"><span>Music</span></a>
              <ul tabindex="-1" aria-labelledby="music-menu__BV_toggle_" id="music-menu__BV_toggle_menu_" class="dropdown-menu">
                <li role="presentation"><a role="menuitem" href="/dances" target="_self" class="dropdown-item">Dances</a></li>
                <li role="presentation" class="nav-subitem"><a role="menuitem" href="/dances/ballroom-competition-categories" target="_self" class="dropdown-item">Ballroom</a></li>
                <li role="presentation" class="nav-subitem"><a role="menuitem" href="/dances/latin" target="_self" class="dropdown-item">Latin</a></li>
                <li role="presentation" class="nav-subitem"><a role="menuitem" href="/dances/swing" target="_self" class="dropdown-item">Swing</a></li>
                <li role="presentation" class="nav-subitem"><a role="menuitem" href="/dances/tango" target="_self" class="dropdown-item">Tango</a></li>
                <li role="presentation" class="nav-subitem"><a role="menuitem" href="/dances/country" target="_self" class="dropdown-item">Country</a></li>
                <li role="presentation"><a role="menuitem" href="/song" target="_self" class="dropdown-item">Song Library</a></li>
                <li role="presentation" class="nav-subitem"><a role="menuitem" href="/song/advancedsearchform" target="_self" class="dropdown-item">Advanced Search</a></li>
                <li role="presentation" class="nav-subitem"><a role="menuitem" href="/song/augment" target="_self" class="dropdown-item">Add Song</a></li>
                <li role="presentation" class="nav-subitem"><a role="menuitem" href="/song/newmusic" target="_self" class="dropdown-item">New Music</a></li>
                <li role="presentation"><a role="menuitem" href="/dances/wedding-music" target="_self" class="dropdown-item">Wedding</a></li>
                <li role="presentation"><a role="menuitem" href="/song/holidaymusic" target="_self" class="dropdown-item">Holiday</a></li>
                <li role="presentation"><a role="menuitem" href="/song/holidaymusic?occassion=halloween" target="_self" class="dropdown-item">Halloween</a></li>
                <li role="presentation"><a role="menuitem" href="/tag" target="_self" class="dropdown-item">Tags</a></li>
              </ul>
            </li>
            <li id="tools-menu" class="nav-item b-nav-dropdown dropdown"><a id="tools-menu__BV_toggle_" role="button" aria-haspopup="true" aria-expanded="false" aria-controls="tools-menu__BV_toggle_menu_" href="#tools-menu" target="_self" class="nav-link dropdown-toggle"><span>Tools</span></a>
              <ul tabindex="-1" aria-labelledby="tools-menu__BV_toggle_" id="tools-menu__BV_toggle_menu_" class="dropdown-menu">
                <li role="presentation"><a role="menuitem" href="/home/counter" target="_self" class="dropdown-item">Tempo Counter</a></li>
                <li role="presentation"><a role="menuitem" href="/home/tempi" target="_self" class="dropdown-item">Tempi (Tempos)</a></li>
                <li role="presentation"><a role="menuitem" href="/song/advancedsearchform" target="_self" class="dropdown-item">Advanced Search</a></li>
                <!---->
              </ul>
            </li>
            <li class="nav-item b-nav-dropdown dropdown"><a role="button" aria-haspopup="true" aria-expanded="false" href="#" target="_self" class="nav-link dropdown-toggle"><span>Info</span></a>
              <ul tabindex="-1" class="dropdown-menu">
                <li role="presentation"><a role="menuitem" href="https://music4dance.blog/music4dance-help/song-list/" target="_self" class="dropdown-item">Help</a></li>
                <li role="presentation"><a role="menuitem" href="https://music4dance.blog/" target="_self" class="dropdown-item">Blog</a></li>
                <li role="presentation"><a role="menuitem" href="/home/faq" target="_self" class="dropdown-item">FAQ</a></li>
                <li role="presentation"><a role="menuitem" href="/home/about" target="_self" class="dropdown-item">About music4dance</a></li>
                <li role="presentation"><a role="menuitem" href="/home/readinglist" target="_self" class="dropdown-item">Reading List</a></li>
                <li role="presentation"><a role="menuitem" href="/home/sitemap" target="_self" class="dropdown-item">Site Map</a></li>
                <li role="presentation"><a role="menuitem" href="/home/privacypolicy" target="_self" class="dropdown-item">Privacy Policy</a></li>
                <li role="presentation"><a role="menuitem" href="/home/credits" target="_self" class="dropdown-item">Credits</a></li>
              </ul>
            </li>
            <li id="contribute-menu" right="" class="nav-item"><a href="/home/contribute" target="_self" class="nav-link">Contribute</a></li>
            <!---->
          </ul>
          <ul class="navbar-nav ml-auto">
            <li class="form-inline">
              <form class="form-inline"><input type="text" placeholder="Search" class="mr-sm-2 form-control form-control-sm"> <button type="submit" disabled="disabled" class="btn my-2 my-sm-0 btn-secondary btn-sm disabled">Search</button></form>
            </li>
            <li right="" class="nav-item"><a href="/identity/account/register?returnUrl=/" target="_self" class="nav-link">Register</a></li>
            <li right="" class="nav-item"><a href="/identity/account/login?returnUrl=/" target="_self" class="nav-link">Login</a></li>
          </ul>
        </div>
      </transition-stub>
    </nav>
    <!---->
    <!---->
    <form id="logoutForm" action="/identity/account/logout" method="post" style="height: 0px;"><input name="__RequestVerificationToken" type="hidden" value="FOO"> <input type="hidden" name="returnUrl" value="/"> <button id="logout" type="submit" class="btn btn-link"></button></form>
  </div>
  <!---->
  <div id="body-content" class="container-fluid body-content">
    <div class="mt-2"></div>
    <div>
      <div class="row">
        <div class="col">
          <!---->
          <h1>Add Song</h1>
          <div>
            <p>
              In order to add songs, you must first
              <a href="/identity/account/register?returnUrl=/song/augment">register</a>
              and
              <a href="/identity/account/login?returnUrl=/song/augment">sign in.</a>
            </p>
          </div>
        </div>
      </div>
      <div class="row">
        <div class="col">
          <transition-stub name="" css="true" enterclass="" leaveclass="show" entertoclass="show" leavetoclass="" enteractiveclass="" leaveactiveclass="">
            <div role="alert" aria-live="polite" aria-atomic="true" class="alert alert-warning">
              <!---->
              Adding songs is a new feature so if you run into bugs or have
              suggestions for improving this feature please don't hesitate to send
              email to
              <a href="mailto:info@music4dance.net">info@music4dance.net</a> or fill
              out our
              <a href="https://music4dance.blog/feedback/">feedback form</a> and
              we'll be happy to take your input as we contineu to improve the
              feature.
            </div>
          </transition-stub>
        </div>
      </div>
    </div>
  </div>
  <div id="footer-content">
    <hr>
    <footer>
      <p>
        Â© 2022 -
        <a href="https://www.music4dance.net">Music4Dance.net</a> -
        <a href="https://www.music4dance.net/home/sitemap">Site Map</a> -
        <a href="https://www.music4dance.net/home/termsofservice">Terms of Service</a>
        -
        <a href="https://www.music4dance.net/home/privacypolicy">Privacy Policy</a>
        - <a href="https://www.music4dance.net/home/credits">Credits</a> -
        <a href="https://music4dance.blog/music4dance-help/song-list/">Help</a>
      </p>
    </footer>
  </div>
  <!---->
</div>
`;
