// Jest Snapshot v1, https://goo.gl/fbAQLP

exports[`About.vue renders the about page 1`] = `
<div>
  <div>
    <!---->
    <!---->
    <nav class="navbar navbar-dark bg-primary navbar-expand-lg" id="mainMenu"><a href="/" target="_self" class="navbar-brand"><img src="/images/header-logo.png" height="40" title="music4dance"></a> <button type="button" aria-label="Toggle navigation" class="navbar-toggler collapsed" aria-expanded="false" aria-controls="nav-collapse"><span class="navbar-toggler-icon"></span></button>
      <transition-stub css="true" enterclass="" leaveclass="collapse show" entertoclass="collapse show" leavetoclass="collapse" enteractiveclass="collapsing" leaveactiveclass="collapsing">
        <div id="nav-collapse" class="navbar-collapse collapse" style="display: none;">
          <ul class="navbar-nav">
            <li id="music-menu" class="nav-item b-nav-dropdown dropdown"><a id="music-menu__BV_toggle_" role="button" aria-haspopup="true" aria-expanded="false" aria-controls="music-menu__BV_toggle_menu_" href="#music-menu" target="_self" class="nav-link dropdown-toggle"><span>Music</span></a>
              <ul tabindex="-1" aria-labelledby="music-menu__BV_toggle_" id="music-menu__BV_toggle_menu_" class="dropdown-menu">
                <li role="presentation"><a role="menuitem" href="/dances" target="_self" class="dropdown-item">Dances</a></li>
                <li role="presentation" class="nav-subitem"><a role="menuitem" href="/dances/ballroom-competition-categories" target="_self" class="dropdown-item">Ballroom</a></li>
                <li role="presentation" class="nav-subitem"><a role="menuitem" href="/dances/latin" target="_self" class="dropdown-item">Latin</a></li>
                <li role="presentation" class="nav-subitem"><a role="menuitem" href="/dances/swing" target="_self" class="dropdown-item">Swing</a></li>
                <li role="presentation" class="nav-subitem"><a role="menuitem" href="/dances/tango" target="_self" class="dropdown-item">Tango</a></li>
                <li role="presentation"><a role="menuitem" href="/song" target="_self" class="dropdown-item">Song Library</a></li>
                <li role="presentation" class="nav-subitem"><a role="menuitem" href="/song/advancedsearchform" target="_self" class="dropdown-item">Advanced Search</a></li>
                <li role="presentation" class="nav-subitem"><a role="menuitem" href="/song/augment" target="_self" class="dropdown-item">Add Song</a></li>
                <li role="presentation" class="nav-subitem"><a role="menuitem" href="/song/newmusic" target="_self" class="dropdown-item">New Music</a></li>
                <li role="presentation"><a role="menuitem" href="/dances/wedding-music" target="_self" class="dropdown-item">Wedding</a></li>
                <li role="presentation"><a role="menuitem" href="/song/holidaymusic" target="_self" class="dropdown-item">Holiday</a></li>
                <li role="presentation"><a role="menuitem" href="/song/addtags/?tags=%2BHalloween%3AOther" target="_self" class="dropdown-item">Halloween</a></li>
                <li role="presentation"><a role="menuitem" href="/tag" target="_self" class="dropdown-item">Tags</a></li>
              </ul>
            </li>
            <li id="tools-menu" class="nav-item b-nav-dropdown dropdown"><a id="tools-menu__BV_toggle_" role="button" aria-haspopup="true" aria-expanded="false" aria-controls="tools-menu__BV_toggle_menu_" href="#tools-menu" target="_self" class="nav-link dropdown-toggle"><span>Tools</span></a>
              <ul tabindex="-1" aria-labelledby="tools-menu__BV_toggle_" id="tools-menu__BV_toggle_menu_" class="dropdown-menu">
                <li role="presentation"><a role="menuitem" href="/home/counter" target="_self" class="dropdown-item">Tempo Counter</a></li>
                <li role="presentation"><a role="menuitem" href="/home/tempi" target="_self" class="dropdown-item">Tempi (Tempos)</a></li>
                <li role="presentation"><a role="menuitem" href="/song/advancedsearchform" target="_self" class="dropdown-item">Advanced Search</a></li>
                <!---->
              </ul>
            </li>
            <li class="nav-item b-nav-dropdown dropdown"><a role="button" aria-haspopup="true" aria-expanded="false" href="#" target="_self" class="nav-link dropdown-toggle"><span>Info</span></a>
              <ul tabindex="-1" class="dropdown-menu">
                <li role="presentation"><a role="menuitem" href="https://music4dance.blog/music4dance-help/song-list/" target="_self" class="dropdown-item">Help</a></li>
                <li role="presentation"><a role="menuitem" href="https://music4dance.blog/" target="_self" class="dropdown-item">Blog</a></li>
                <li role="presentation"><a role="menuitem" href="/home/faq" target="_self" class="dropdown-item">FAQ</a></li>
                <li role="presentation"><a role="menuitem" href="/home/about" target="_self" class="dropdown-item">About music4dance</a></li>
                <li role="presentation"><a role="menuitem" href="/home/readinglist" target="_self" class="dropdown-item">Reading List</a></li>
                <li role="presentation"><a role="menuitem" href="/home/sitemap" target="_self" class="dropdown-item">Site Map</a></li>
                <li role="presentation"><a role="menuitem" href="/home/privacypolicy" target="_self" class="dropdown-item">Privacy Policy</a></li>
                <li role="presentation"><a role="menuitem" href="/home/credits" target="_self" class="dropdown-item">Credits</a></li>
              </ul>
            </li>
            <li id="contribute-menu" right="" class="nav-item"><a href="/home/contribute" target="_self" class="nav-link">Contribute</a></li>
            <!---->
          </ul>
          <ul class="navbar-nav ml-auto">
            <li class="form-inline">
              <form class="form-inline"><input type="text" placeholder="Search" class="mr-sm-2 form-control form-control-sm"> <button type="submit" disabled="disabled" class="btn my-2 my-sm-0 btn-secondary btn-sm disabled">Search</button></form>
            </li>
            <li right="" class="nav-item"><a href="/identity/account/register?returnUrl=/" target="_self" class="nav-link">Register</a></li>
            <li right="" class="nav-item"><a href="/identity/account/login?returnUrl=/" target="_self" class="nav-link">Login</a></li>
          </ul>
        </div>
      </transition-stub>
    </nav>
    <!---->
    <form id="logoutForm" action="/identity/account/logout" method="post" style="height: 0px;"><input name="__RequestVerificationToken" type="hidden" value="FOO"> <input type="hidden" name="returnUrl" value="/"> <button id="logout" type="submit" class="btn btn-link"></button></form>
  </div>
  <nav aria-label="breadcrumb">
    <ol class="breadcrumb" style="padding: 0.25rem 0.5rem;">
      <li class="breadcrumb-item"><a href="/" target="_self" class="">music4dance</a></li>
      <li class="breadcrumb-item"><a href="/home/info" target="_self" class="">Info</a></li>
      <li class="breadcrumb-item active"><span aria-current="location">Reading List</span></li>
    </ol>
  </nav>
  <div id="body-content" class="container-fluid body-content">
    <h1>Reading List</h1>
    <div>
      <div class="tabs">
        <!---->
        <div class="">
          <ul role="tablist" class="nav nav-tabs">
            <!---->
            <!---->
          </ul>
        </div>
        <div class="tab-content">
          <transition-stub name="" css="true" mode="out-in" enterclass="" leaveclass="show" entertoclass="show" leavetoclass="" enteractiveclass="fade" leaveactiveclass="fade">
            <div role="tabpanel" aria-hidden="true" class="tab-pane" style="display: none;">
              <div>
                <h3 class="category-description">Books about learning to dance and to become a better dancer</h3>
                <div>
                  <div>
                    <hr>
                    <h2 class="title">
                      Hear the Beat, Feel the Music
                      <!---->
                    </h2>
                    <div>by James Joseph</div>
                    <div class="mt-2" style="display: flex;">
                      <div><a href="https://www.amazon.com/Hear-Beat-Feel-Music-Remarkable-ebook/dp/B07DPVFY6V?crid=1MIHB6FI75J8D&amp;keywords=hear+the+beat+feel+the+music&amp;qid=1566677512&amp;s=gateway&amp;sprefix=hear+the+music%2C+feel%2Caps%2C202&amp;sr=8-1&amp;linkCode=li2&amp;tag=msc4dnc-20&amp;linkId=9018732b1d509231e2a4a75b3ba9835f&amp;language=en_US&amp;ref_=as_li_ss_il" target="_blank"><img border="0" src="//ws-na.amazon-adsystem.com/widgets/q?_encoding=UTF8&amp;ASIN=B07DPVFY6V&amp;Format=_SL160_&amp;ID=AsinImage&amp;MarketPlace=US&amp;ServiceVersion=20070822&amp;WS=1&amp;tag=msc4dnc-20&amp;language=en_US"></a><img src="https://ir-na.amazon-adsystem.com/e/ir?t=msc4dnc-20&amp;language=en_US&amp;l=li2&amp;o=1&amp;a=B07DPVFY6V" width="1" height="1" border="0" alt="" style="border:none !important; margin:0px !important;"></div>
                      <div>
                        <ul style="list-style-type: none;">
                          <li><a href="https://amzn.to/2ZKMWRS" target="_blank">Hear the Beat, Feel the Music (Kindle)</a></li>
                          <li><a href="https://amzn.to/2zH4uDQ" target="_blank">Hear the Beat, Feel the Music (Paperback)</a></li>
                          <li><a href="https://music4dance.blog/2019/08/24/hear-the-beat-feel-the-music/" target="_blank">Review</a></li>
                        </ul>
                        <div class="notes">This is a great read for those dancers that don’t have a musical background and are struggling with “musicality.”</div>
                      </div>
                    </div>
                  </div>
                </div>
                <div>
                  <div>
                    <hr>
                    <h2 class="title">
                      Partner Dance Success (Volume 1)<span> : Be the One They Want - What I Wish I Knew When I Started Social Dancing</span></h2>
                    <div>by Don Baarns</div>
                    <div class="mt-2" style="display: flex;">
                      <div><a href="https://www.amazon.com/Partner-Dance-Success-Started-Dancing-ebook/dp/B00CLG16QI?_encoding=UTF8&amp;qid=1624407627&amp;sr=8-1&amp;linkCode=li2&amp;tag=msc4dnc-20&amp;linkId=46f044000d9445f083bc3814d8193758&amp;language=en_US&amp;ref_=as_li_ss_il" target="_blank"><img border="0" src="//ws-na.amazon-adsystem.com/widgets/q?_encoding=UTF8&amp;ASIN=B00CLG16QI&amp;Format=_SL160_&amp;ID=AsinImage&amp;MarketPlace=US&amp;ServiceVersion=20070822&amp;WS=1&amp;tag=msc4dnc-20&amp;language=en_US"></a><img src="https://ir-na.amazon-adsystem.com/e/ir?t=msc4dnc-20&amp;language=en_US&amp;l=li2&amp;o=1&amp;a=B00CLG16QI" width="1" height="1" border="0" alt="" style="border:none !important; margin:0px !important;"></div>
                      <div>
                        <ul style="list-style-type: none;">
                          <li><a href="https://amzn.to/2SVUQKY" target="_blank">Partner Dance Success (Volume 1) (Kindle)</a></li>
                          <li><a href="https://amzn.to/35Z2Xtj" target="_blank">Partner Dance Success (Volume 1) (Paperback)</a></li>
                          <li><a href="https://music4dance.blog/2021/06/22/book-review-partner-dance-success/" target="_blank">Review</a></li>
                        </ul>
                        <div class="notes">This is a great collection of practical advice for anyone new to partner dancing.</div>
                      </div>
                    </div>
                  </div>
                </div>
                <div>
                  <div>
                    <hr>
                    <h2 class="title">
                      Partner Dance Success (Volume 2)<span> : Be the One They Want - What I Wish I Knew When I Started Social Dancing</span></h2>
                    <div>by Don Baarns</div>
                    <div class="mt-2" style="display: flex;">
                      <div><a href="https://www.amazon.com/Partner-Dance-Success-Started-Dancing-ebook/dp/B00DVQ7WCE?dchild=1&amp;keywords=Partner+Dance+for+Success&amp;qid=1624406279&amp;sr=8-3&amp;linkCode=li2&amp;tag=msc4dnc-20&amp;linkId=2f50a0fa5a2463cf57fab89288e02528&amp;language=en_US&amp;ref_=as_li_ss_il" target="_blank"><img border="0" src="//ws-na.amazon-adsystem.com/widgets/q?_encoding=UTF8&amp;ASIN=B00DVQ7WCE&amp;Format=_SL160_&amp;ID=AsinImage&amp;MarketPlace=US&amp;ServiceVersion=20070822&amp;WS=1&amp;tag=msc4dnc-20&amp;language=en_US"></a><img src="https://ir-na.amazon-adsystem.com/e/ir?t=msc4dnc-20&amp;language=en_US&amp;l=li2&amp;o=1&amp;a=B00DVQ7WCE" width="1" height="1" border="0" alt="" style="border:none !important; margin:0px !important;"></div>
                      <div>
                        <ul style="list-style-type: none;">
                          <li><a href="https://amzn.to/3xJDSyd" target="_blank">Partner Dance Success (Volume 2) (Kindle)</a></li>
                          <li><a href="https://amzn.to/3d4QGai" target="_blank">Partner Dance Success (Volume 2) (Paperback)</a></li>
                          <li><a href="https://music4dance.blog/2021/06/22/book-review-partner-dance-success/" target="_blank">Review</a></li>
                        </ul>
                        <div class="notes">This is a great collection of practical advice for anyone new to partner dancing.</div>
                      </div>
                    </div>
                  </div>
                </div>
                <div>
                  <div>
                    <hr>
                    <h2 class="title">
                      Dance Better Now<span> : The secret to mastering dance and dancing at the excellent standard you want by</span></h2>
                    <div>by Clint Steele</div>
                    <div class="mt-2" style="display: flex;">
                      <div><a href="https://www.amazon.com/Dance-Better-Now-mastering-excellent-ebook/dp/B010T578GE?ie=UTF8&amp;linkCode=li2&amp;tag=msc4dnc-20&amp;linkId=f41b0c5f8b7a7da8d2584dd069588b04&amp;language=en_US&amp;ref_=as_li_ss_il" target="_blank"><img border="0" src="//ws-na.amazon-adsystem.com/widgets/q?_encoding=UTF8&amp;ASIN=B010T578GE&amp;Format=_SL160_&amp;ID=AsinImage&amp;MarketPlace=US&amp;ServiceVersion=20070822&amp;WS=1&amp;tag=msc4dnc-20&amp;language=en_US"></a><img src="https://ir-na.amazon-adsystem.com/e/ir?t=msc4dnc-20&amp;language=en_US&amp;l=li2&amp;o=1&amp;a=B010T578GE" width="1" height="1" border="0" alt="" style="border:none !important; margin:0px !important;"></div>
                      <div>
                        <ul style="list-style-type: none;">
                          <li><a href="https://amzn.to/2Lfq7Sx" target="_blank">Dance Better Now (Kindle)</a></li>
                        </ul>
                        <div class="notes">This books is an educator’s take on how to rapidly improve your level of social dance.</div>
                      </div>
                    </div>
                  </div>
                </div>
                <div>
                  <div>
                    <hr>
                    <h2 class="title">
                      How to Read Music in 30 Days<span> : Music Theory for Beginners - with Exercises &amp; Online Audio (Practical Music Theory Book 1)</span></h2>
                    <div>by Matthew Ellul</div>
                    <div class="mt-2" style="display: flex;">
                      <div><a href="https://www.amazon.com/How-Read-Music-Days-Beginners-ebook/dp/B08KD4XZFK?_encoding=UTF8&amp;qid=&amp;sr=&amp;linkCode=li2&amp;tag=msc4dnc-20&amp;linkId=2fe5bcf1cada5e84ef112707a383de29&amp;language=en_US&amp;ref_=as_li_ss_il" target="_blank"><img border="0" src="//ws-na.amazon-adsystem.com/widgets/q?_encoding=UTF8&amp;ASIN=B08KD4XZFK&amp;Format=_SL160_&amp;ID=AsinImage&amp;MarketPlace=US&amp;ServiceVersion=20070822&amp;WS=1&amp;tag=msc4dnc-20&amp;language=en_US"></a><img src="https://ir-na.amazon-adsystem.com/e/ir?t=msc4dnc-20&amp;language=en_US&amp;l=li2&amp;o=1&amp;a=B08KD4XZFK" width="1" height="1" border="0" alt="" style="border:none !important; margin:0px !important;"></div>
                      <div>
                        <ul style="list-style-type: none;">
                          <li><a href="https://amzn.to/3CUlzw9" target="_blank">How to Read Music in 30 Days (Kindle)</a></li>
                          <li><a href="https://amzn.to/3cHbEiU" target="_blank">How to Read Music in 30 Days (Paperback)</a></li>
                          <li><a href="https://amzn.to/3Qb0HUg" target="_blank">How to Read Music in 30 Days (Hardcover)</a></li>
                          <li><a href="https://amzn.to/3RxIv93" target="_blank">Music Theory for Beginners (spiral-bound)</a></li>
                        </ul>
                        <div class="notes">This book is a quick read that does a credible job of covering the basics of reading music. For dancers that are interested in checking sheet music for tempo information, the first half of the book covers time signatures and tempo markings.</div>
                      </div>
                    </div>
                  </div>
                </div>
                <div>
                  <div>
                    <hr>
                    <h2 class="title">
                      The Meaning of Tango<span> : The Story of the Argentinian Dance</span></h2>
                    <div>by Christine Denniston</div>
                    <div class="mt-2" style="display: flex;">
                      <div><a href="https://www.amazon.com/Meaning-Tango-Story-Argentinian-Dance/dp/1906032165?_encoding=UTF8&amp;qid=1567446252&amp;sr=8-1&amp;linkCode=li2&amp;tag=msc4dnc-20&amp;linkId=ccad93ab5e6f994d928653dc0bf23ff3&amp;language=en_US&amp;ref_=as_li_ss_il" target="_blank"><img border="0" src="//ws-na.amazon-adsystem.com/widgets/q?_encoding=UTF8&amp;ASIN=1906032165&amp;Format=_SL160_&amp;ID=AsinImage&amp;MarketPlace=US&amp;ServiceVersion=20070822&amp;WS=1&amp;tag=msc4dnc-20&amp;language=en_US"></a><img src="https://ir-na.amazon-adsystem.com/e/ir?t=msc4dnc-20&amp;language=en_US&amp;l=li2&amp;o=1&amp;a=1906032165" width="1" height="1" border="0" alt="" style="border:none !important; margin:0px !important;"></div>
                      <div>
                        <ul style="list-style-type: none;">
                          <li><a href="https://amzn.to/2NKZTZH" target="_blank">The Meaning of Tango (Kindle)</a></li>
                          <li><a href="https://amzn.to/2zLAMOm" target="_blank">The Meaning of Tango (Paperback)</a></li>
                          <li><a href="https://amzn.to/2ZK1D83" target="_blank">The Meaning of Tango (Hardcover)</a></li>
                          <li><a href="https://music4dance.blog/2018/07/21/book-review-the-meaning-of-tango/" target="_blank">Review</a></li>
                        </ul>
                        <div class="notes">This book is a quick read and full of wonderful tidbits about Tango and its history. The book is very centered around traditional Argentine Tango and does an excellent job of conveying that perspective. It’s also somewhat unusual in that it is predominantly about the history and philosophy of the dance but contains a section that is straight up technique with diagrams</div>
                      </div>
                    </div>
                  </div>
                </div>
              </div>
            </div>
          </transition-stub>
          <transition-stub name="" css="true" mode="out-in" enterclass="" leaveclass="show" entertoclass="show" leavetoclass="" enteractiveclass="fade" leaveactiveclass="fade">
            <div role="tabpanel" aria-hidden="true" class="tab-pane" style="display: none;">
              <div>
                <h3 class="category-description">Books about dance history and the social impact of dance</h3>
                <div>
                  <div>
                    <hr>
                    <h2 class="title">
                      The Meaning of Tango<span> : The Story of the Argentinian Dance</span></h2>
                    <div>by Christine Denniston</div>
                    <div class="mt-2" style="display: flex;">
                      <div><a href="https://www.amazon.com/Meaning-Tango-Story-Argentinian-Dance/dp/1906032165?_encoding=UTF8&amp;qid=1567446252&amp;sr=8-1&amp;linkCode=li2&amp;tag=msc4dnc-20&amp;linkId=ccad93ab5e6f994d928653dc0bf23ff3&amp;language=en_US&amp;ref_=as_li_ss_il" target="_blank"><img border="0" src="//ws-na.amazon-adsystem.com/widgets/q?_encoding=UTF8&amp;ASIN=1906032165&amp;Format=_SL160_&amp;ID=AsinImage&amp;MarketPlace=US&amp;ServiceVersion=20070822&amp;WS=1&amp;tag=msc4dnc-20&amp;language=en_US"></a><img src="https://ir-na.amazon-adsystem.com/e/ir?t=msc4dnc-20&amp;language=en_US&amp;l=li2&amp;o=1&amp;a=1906032165" width="1" height="1" border="0" alt="" style="border:none !important; margin:0px !important;"></div>
                      <div>
                        <ul style="list-style-type: none;">
                          <li><a href="https://amzn.to/2NKZTZH" target="_blank">The Meaning of Tango (Kindle)</a></li>
                          <li><a href="https://amzn.to/2zLAMOm" target="_blank">The Meaning of Tango (Paperback)</a></li>
                          <li><a href="https://amzn.to/2ZK1D83" target="_blank">The Meaning of Tango (Hardcover)</a></li>
                          <li><a href="https://music4dance.blog/2018/07/21/book-review-the-meaning-of-tango/" target="_blank">Review</a></li>
                        </ul>
                        <div class="notes">This book is a quick read and full of wonderful tidbits about Tango and its history. The book is very centered around traditional Argentine Tango and does an excellent job of conveying that perspective. It’s also somewhat unusual in that it is predominantly about the history and philosophy of the dance but contains a section that is straight up technique with diagrams</div>
                      </div>
                    </div>
                  </div>
                </div>
                <div>
                  <div>
                    <hr>
                    <h2 class="title">
                      A Century of Dance<span> : A Hundred Years of Musical Movement, from Waltz to Hip Hop</span></h2>
                    <div>by Ian Driver</div>
                    <div class="mt-2" style="display: flex;">
                      <div><a href="https://www.amazon.com/Century-Dance-Hundred-Musical-Movement/dp/0815411332?crid=1PC8WV1OBSB2Y&amp;keywords=A+century+of+dance&amp;qid=1650211117&amp;s=books&amp;sprefix=a+century+of+dance%2Cstripbooks%2C122&amp;sr=1-2&amp;linkCode=li2&amp;tag=msc4dnc-20&amp;linkId=d3e040773b8b72d1defb7ed1ecbffc81&amp;language=en_US&amp;ref_=as_li_ss_il" target="_blank"><img border="0" src="//ws-na.amazon-adsystem.com/widgets/q?_encoding=UTF8&amp;ASIN=0815411332&amp;Format=_SL160_&amp;ID=AsinImage&amp;MarketPlace=US&amp;ServiceVersion=20070822&amp;WS=1&amp;tag=msc4dnc-20&amp;language=en_US"></a><img src="https://ir-na.amazon-adsystem.com/e/ir?t=msc4dnc-20&amp;language=en_US&amp;l=li2&amp;o=1&amp;a=0815411332" width="1" height="1" border="0" alt="" style="border:none !important; margin:0px !important;"></div>
                      <div>
                        <ul style="list-style-type: none;">
                          <li><a href="https://amzn.to/3MamSIx" target="_blank">A Century of Dance (Paperback)</a></li>
                        </ul>
                        <div class="notes">This is a large format book with many amazing illustrations. But the best part of this books from my perspective is that it gives an easy to read overview of the history of dance in the Twentieth Century, giving some useful context to many of the dances that I learned aas a ballroom dancer.</div>
                      </div>
                    </div>
                  </div>
                </div>
                <div>
                  <div>
                    <hr>
                    <h2 class="title">
                      Frankie Manning<span> : Ambassador of Lindy Hop</span></h2>
                    <div>by Cynthia Millman, Frankie Manning</div>
                    <div class="mt-2" style="display: flex;">
                      <div><a href="https://www.amazon.com/Frankie-Manning-Ambassador-Lindy-Hop/dp/1592135641?_encoding=UTF8&amp;qid=1656199632&amp;sr=8-1&amp;linkCode=li2&amp;tag=msc4dnc-20&amp;linkId=26c9873e1e5973edd32bee0b06f1a556&amp;language=en_US&amp;ref_=as_li_ss_il" target="_blank"><img border="0" src="//ws-na.amazon-adsystem.com/widgets/q?_encoding=UTF8&amp;ASIN=1592135641&amp;Format=_SL160_&amp;ID=AsinImage&amp;MarketPlace=US&amp;ServiceVersion=20070822&amp;WS=1&amp;tag=msc4dnc-20&amp;language=en_US"></a><img src="https://ir-na.amazon-adsystem.com/e/ir?t=msc4dnc-20&amp;language=en_US&amp;l=li2&amp;o=1&amp;a=1592135641" width="1" height="1" border="0" alt="" style="border:none !important; margin:0px !important;"></div>
                      <div>
                        <ul style="list-style-type: none;">
                          <li><a href="https://amzn.to/3A5eeZ9" target="_blank">Frankie Manning (Paperback)</a></li>
                          <li><a href="https://amzn.to/3tYxWlq" target="_blank">Frankie Manning (Hardcover)</a></li>
                          <li><a href="https://amzn.to/3OFPCtV" target="_blank">Frankie Manning (Audible)</a></li>
                        </ul>
                        <div class="notes">This is a wonderful story of one of the greatest Lindy Hop dancers of all time. Not only does it cover much of the early history of Lindy Hop, but it also talks about Mr. Manning's amazing return during the Lindy Hop revival after having spent decades at the U.S. Post Office.</div>
                      </div>
                    </div>
                  </div>
                </div>
                <div>
                  <div>
                    <hr>
                    <h2 class="title">
                      Swingin' at the Savoy<span> : The Memoir of a Jazz Dancer</span></h2>
                    <div>by Norma Miller, Evette Jensen</div>
                    <div class="mt-2" style="display: flex;">
                      <div><a href="https://www.amazon.com/Swingin-at-Savoy-Norma-Miller/dp/1566398495?_encoding=UTF8&amp;qid=1656199984&amp;sr=8-6&amp;linkCode=li2&amp;tag=msc4dnc-20&amp;linkId=e5b0da9f979d004a9af19329b8f60808&amp;language=en_US&amp;ref_=as_li_ss_il" target="_blank"><img border="0" src="//ws-na.amazon-adsystem.com/widgets/q?_encoding=UTF8&amp;ASIN=1566398495&amp;Format=_SL160_&amp;ID=AsinImage&amp;MarketPlace=US&amp;ServiceVersion=20070822&amp;WS=1&amp;tag=msc4dnc-20&amp;language=en_US"></a><img src="https://ir-na.amazon-adsystem.com/e/ir?t=msc4dnc-20&amp;language=en_US&amp;l=li2&amp;o=1&amp;a=1566398495" width="1" height="1" border="0" alt="" style="border:none !important; margin:0px !important;"></div>
                      <div>
                        <ul style="list-style-type: none;">
                          <li><a href="https://amzn.to/3Qrq98k" target="_blank">Swingin' at the Savoy (Paperback)</a></li>
                          <li><a href="https://amzn.to/3nfbWPt" target="_blank">Swingin' at the Savoy (Hardcover)</a></li>
                          <li><a href="https://amzn.to/3nfvfbq" target="_blank">Swingin' at the Savoy (Audible)</a></li>
                        </ul>
                        <div class="notes">This is a beautiful memoir of one of the greatest Lindy Hop dancers of all time. Ms. Miller was not only one of dancers that defined the Lindy Hop, but as Lindy Hop faded for a while post World War II, she launched a career as a Jazz Dancer.</div>
                      </div>
                    </div>
                  </div>
                </div>
              </div>
            </div>
          </transition-stub>
          <transition-stub name="" css="true" mode="out-in" enterclass="" leaveclass="show" entertoclass="show" leavetoclass="" enteractiveclass="fade" leaveactiveclass="fade">
            <div role="tabpanel" aria-hidden="true" class="tab-pane" style="display: none;">
              <div>
                <h3 class="category-description">Books that celebrate dance in fiction</h3>
                <div>
                  <div>
                    <hr>
                    <h2 class="title">
                      Stardance
                      <!---->
                    </h2>
                    <div>by Spider and Jeanne Robinson</div>
                    <div class="mt-2" style="display: flex;">
                      <div><a href="https://www.amazon.com/Stardance-novella-Spider-Robinson-ebook/dp/B007XG4KPU?dchild=1&amp;keywords=stardance+spider+robinson&amp;qid=1631903677&amp;sr=8-2&amp;linkCode=li2&amp;tag=msc4dnc-20&amp;linkId=53c3c92bc97f7c106f99fbb6c38c37ab&amp;language=en_US&amp;ref_=as_li_ss_il" target="_blank"><img border="0" src="//ws-na.amazon-adsystem.com/widgets/q?_encoding=UTF8&amp;ASIN=B007XG4KPU&amp;Format=_SL160_&amp;ID=AsinImage&amp;MarketPlace=US&amp;ServiceVersion=20070822&amp;WS=1&amp;tag=msc4dnc-20&amp;language=en_US"></a><img src="https://ir-na.amazon-adsystem.com/e/ir?t=msc4dnc-20&amp;language=en_US&amp;l=li2&amp;o=1&amp;a=B007XG4KPU" width="1" height="1" border="0" alt="" style="border:none !important; margin:0px !important;"></div>
                      <div>
                        <ul style="list-style-type: none;">
                          <li><a href="https://amzn.to/3EH0N1j" target="_blank">Stardance (Kindle)</a></li>
                          <li><a href="https://amzn.to/3EIUUAY" target="_blank">Stardance (Hardcover)</a></li>
                        </ul>
                        <div class="notes">This is an example of science fiction at its best. The authors take an idea, in this case, "what would it be like to dance in space," and explore it in a way that makes you see implications that make you do a double-take. At the same time, they build believable and relatable characters that carry you through the story and leave you wanting more.</div>
                      </div>
                    </div>
                  </div>
                </div>
                <div>
                  <div>
                    <hr>
                    <h2 class="title">
                      Confessions of a Ballroom Diva
                      <!---->
                    </h2>
                    <div>by Irene Radford</div>
                    <div class="mt-2" style="display: flex;">
                      <div><a href="https://www.amazon.com/Confessions-Ballroom-Diva-Artistic-Demons-ebook/dp/B07HVSVB2M?dchild=1&amp;keywords=Confessions+of+a+Ballroom+Diva&amp;qid=1631554407&amp;s=digital-text&amp;sr=1-1&amp;linkCode=li2&amp;tag=msc4dnc-20&amp;linkId=4ab9b19e3a38b5a14687632eb2261144&amp;language=en_US&amp;ref_=as_li_ss_il" target="_blank"><img border="0" src="//ws-na.amazon-adsystem.com/widgets/q?_encoding=UTF8&amp;ASIN=B07HVSVB2M&amp;Format=_SL160_&amp;ID=AsinImage&amp;MarketPlace=US&amp;ServiceVersion=20070822&amp;WS=1&amp;tag=msc4dnc-20&amp;language=en_US"></a><img src="https://ir-na.amazon-adsystem.com/e/ir?t=msc4dnc-20&amp;language=en_US&amp;l=li2&amp;o=1&amp;a=B07HVSVB2M" width="1" height="1" border="0" alt="" style="border:none !important; margin:0px !important;"></div>
                      <div>
                        <ul style="list-style-type: none;">
                          <li><a href="https://amzn.to/39tedj9" target="_blank">Confessions of a Ballroom Diva (Kindle)</a></li>
                          <li><a href="https://amzn.to/3lUfPID" target="_blank">Confessions of a Ballroom Diva (Paperback)</a></li>
                        </ul>
                        <div class="notes">This is another straight-up fun Urban Fantasy. In this case, one of the two main characters is a celebrity on a television show called “Dancing from the Heart,” who is a psychic vampire. The other main character is a judge on the show who also happens to be a member of a guild of vampire and demon hunters.</div>
                      </div>
                    </div>
                  </div>
                </div>
                <div>
                  <div>
                    <hr>
                    <h2 class="title">
                      InCryptid
                      <!---->
                    </h2>
                    <div>by Seanan McGuire</div>
                    <div class="mt-2" style="display: flex;">
                      <div><a href="https://www.amazon.com/gp/product/B006LU0HNS?storeType=ebooks&amp;linkCode=li2&amp;tag=msc4dnc-20&amp;linkId=c1a8480514018676bad081f7b882c7ec&amp;language=en_US&amp;ref_=as_li_ss_il" target="_blank"><img border="0" src="//ws-na.amazon-adsystem.com/widgets/q?_encoding=UTF8&amp;ASIN=B006LU0HNS&amp;Format=_SL160_&amp;ID=AsinImage&amp;MarketPlace=US&amp;ServiceVersion=20070822&amp;WS=1&amp;tag=msc4dnc-20&amp;language=en_US"></a><img src="https://ir-na.amazon-adsystem.com/e/ir?t=msc4dnc-20&amp;language=en_US&amp;l=li2&amp;o=1&amp;a=B006LU0HNS" width="1" height="1" border="0" alt="" style="border:none !important; margin:0px !important;"></div>
                      <div>
                        <ul style="list-style-type: none;">
                          <li><a href="https://amzn.to/3rwSjF9" target="_blank">InCryptid (Kindle)</a></li>
                          <li><a href="https://amzn.to/3JPukY0" target="_blank">InCryptid 1: Discount Armageddon (paperback)</a></li>
                          <li><a href="https://amzn.to/3KTb3q6" target="_blank">InCryptid 2: Midnight Blue-Light Special (paperback)</a></li>
                        </ul>
                        <div class="notes">The first two books in the series feature a Professional Ballroom Dancer who happens to be a “crypto-zoologist” who studies and protects fantastic creatures that live unseen among us in the modern world. Seanan, if you're reading this, please consider bring Verity back. This series is straight-up fun urban fantasy.</div>
                      </div>
                    </div>
                  </div>
                </div>
              </div>
            </div>
          </transition-stub>
          <!---->
        </div>
      </div>
      <div>
        <h2>About the links on this page</h2>
        <p>
          If you found a book through this
          <a href="https://www.music4dance.net">site</a> or the associated
          <a href="https://music4dance.blog">blog</a> please be kind and click on
          a link on this site to purchase it. This helps support the site. If
          you're feeling especially generous (or just like the site a lot)
          clicking on the Amazon links in the blog or the site and then doing your
          regular, unrelated shopping will also help support the site as a very
          small fraction of those proceeds will be directed to musci4dance.
        </p>
        <p>
          Also, if you are interested in signing up for audible to "read" any of
          the recommended books, please consider doing so through the link below.
          Similaraly, if you are considering trying Amazon music, signing up
          through the link below will help out music4dance.
        </p>
      </div> <iframe src="//rcm-na.amazon-adsystem.com/e/cm?o=1&amp;p=12&amp;l=ur1&amp;category=audibleplus&amp;banner=0MG2XKQ7PYPP84NBNFR2&amp;f=ifr&amp;lc=pf4&amp;linkID=20e48696049a1c82b9a4f031746f4339&amp;t=msc4dnc-20&amp;tracking_id=msc4dnc-20" width="300" height="250" scrolling="no" border="0" marginwidth="0" frameborder="0" sandbox="allow-scripts allow-same-origin allow-popups allow-top-navigation-by-user-activation"></iframe> <iframe src="//rcm-na.amazon-adsystem.com/e/cm?o=1&amp;p=12&amp;l=ur1&amp;category=primemusic&amp;banner=0Y451P54C03XJ9ZRPK82&amp;f=ifr&amp;lc=pf4&amp;linkID=d2af141871b51c4f9ec4ce1e95a3b479&amp;t=msc4dnc-20&amp;tracking_id=msc4dnc-20" width="300" height="250" scrolling="no" border="0" marginwidth="0" frameborder="0" sandbox="allow-scripts allow-same-origin allow-popups allow-top-navigation-by-user-activation"></iframe>
    </div>
  </div>
  <div id="footer-content">
    <hr>
    <footer>
      <p>
        © 2022 -
        <a href="https://www.music4dance.net">Music4Dance.net</a> -
        <a href="https://www.music4dance.net/home/sitemap">Site Map</a> -
        <a href="https://www.music4dance.net/home/termsofservice">Terms of Service</a>
        -
        <a href="https://www.music4dance.net/home/privacypolicy">Privacy Policy</a>
        - <a href="https://www.music4dance.net/home/credits">Credits</a> -
        <a href="https://music4dance.blog/music4dance-help/song-list/">Help</a>
      </p>
    </footer>
  </div>
  <!---->
</div>
`;
